bnbdocs-mev-overview 200 62542
bnbdocs-mev-user-guide 200 65864
bnbdocs-mev-validator-integration 200 66249
bnbdocs-mev-builder-integration 200 62017
bnbdocs-mev-faqs 200 63772
bnbdocs-evn-overview 200 61642
bnbdocs-evn-faqs 200 59913
bnbdocs-faq-lorentz 200 44629
bnbdocs-bsc-overview 200 58211
bnbdocs-bsc-introduction 200 66299
bep-067 200 2000
bep-126 200 10646
bep-322 200 18852
bep-341 200 8614
bep-520 200 11263
bep-524 200 6787
bep-563 200 6549
bep-564 200 4501
bep-590 200 4486
bep-619 200 6097
bep-648 200 4179
bep-658 200 4404
bep-673 200 1523
bep-675 200 15942
bep-718 200 1504
beps-readme 200 13536
bsc-changelog 200 135302
bsc-params-config-go 200 89674
bsc-builder-readme 200 8868
blog-key-changes-mev-strategy 200 347909
blog-mev-faqs 200 366418
blog-exploring-mev-landscape 200 347302
blog-unlocking-mev-guide 200 360345
blog-good-will-alliance 200 341007
blog-infrastructure-levelled-up 200 356779
blog-maxwell 200 353779
blog-fermi 200 353045
blog-osaka-mendel 200 349031
48club-docs-faq 200 423183
48club-puissant-builder 200 399473
48club-puissant-send-bundle 200 531772
48club-puissant-auction-feed 200 567576
blockrazor-bsc-block-builder 200 558396
blockrazor-send-bundle 200 608845
blockrazor-call-bundle 200 626013
bloxroute-bsc-overview 200 533529
bloxroute-bsc-bundle-submission 200 618264
blocksmith-docs None 227
blocksmith-send-bundle None 257
nodereal-builder 200 222945
nodereal-bundle-api-marketplace 200 717777
jetbldr-home 200 21013
flashblock-home 200 43870
defillama-overview-dexs-bsc 200 2624745
pancakeswap-v2-addresses 200 38568
pancakeswap-v3-addresses 200 43119
pancakeswap-infinity-addresses 200 39247
pancakeswap-infinity-overview 200 36190
uniswap-v4-deployments 429 7187
uniswap-v3-bnb-deployments 429 7187
fourmeme-protocol-integration 200 341563
flap-docs-home 200 379542
index rows 78
