2026-09-30T21:06:25Z 0x9ea932730a7787000042e34390b8e435dd839040 ContentCoinHook True 0xf69fEc6d858c77e969509843852178bd24CAd2B6
2026-09-30T21:06:26Z 0xd61a675f8a0c67a73dc3b54fb7318b4d91409040 CreatorCoinHook True 0xf69fEc6d858c77e969509843852178bd24CAd2B6
2026-09-30T21:06:27Z 0x5bf219b3cc11e3f6dd8dc8fc89d7d1deb0431040 ContentCoinHook True 0xC077e4cC02fa01A5b7fAca1acE9BBe9f5ac5Af9F
2026-09-30T21:06:28Z 0xa1ebdd5ca6470bbd67114331387f2dda7bfad040 ZoraV4CoinHook True 0xC077e4cC02fa01A5b7fAca1acE9BBe9f5ac5Af9F
2026-09-30T21:06:30Z 0x5e5d19d22c85a4aef7c1fdf25fb22a5a38f71040 None True 0xC077e4cC02fa01A5b7fAca1acE9BBe9f5ac5Af9F
2026-09-30T21:06:31Z 0xdd5eeaff7bd481ad55db083062b13a3cdf0a68cc ClankerHookStaticFee True 0xD46618f35099074C5a456b21D2967a6FF6841Bd3
2026-09-30T21:06:32Z 0xb476c448da4453208df4e371fee26f4e630d3044 SpawnerHook True 0x019817aD02a31B990433542097bE29D97613E8Cb
2026-09-30T21:06:36Z 0x9b47e436e216b2cb54d6f24154f86d946098d040 ContentCoinHook True 0xC077e4cC02fa01A5b7fAca1acE9BBe9f5ac5Af9F
2026-09-30T21:06:39Z 0xd3d133469adc85e01a4887404d8ac12d630e9040 ContentCoinHook True 0xC077e4cC02fa01A5b7fAca1acE9BBe9f5ac5Af9F
2026-09-30T21:06:41Z 0x51bba15255406cfe7099a42183302640ba7dafdc PositionManager True 0xB8A70b4d1547bf6193bd67A73F4F98ea9FD0A973
2026-09-30T21:06:42Z 0xf785bb58059fab6fb19bdda2cb9078d9e546efdc PositionManager True 0xB8A70b4d1547bf6193bd67A73F4F98ea9FD0A973
2026-09-30T21:06:44Z 0x9278f6e55ce58519c79dc1ab0ad3b29ea7821040 CreatorCoinHook True 0xC077e4cC02fa01A5b7fAca1acE9BBe9f5ac5Af9F
2026-09-30T21:06:45Z 0xfff800b76768da8ab6aab527021e4a6a91219040 CreatorCoinHook True 0xC077e4cC02fa01A5b7fAca1acE9BBe9f5ac5Af9F
2026-09-30T21:06:46Z 0x34a45c6b61876d739400bd71228cbcbd4f53e8cc ClankerHookDynamicFee True 0xD46618f35099074C5a456b21D2967a6FF6841Bd3
2026-09-30T21:06:48Z 0x2d0d55e8d4418ce6157cf31d9ffafb88117c0040 None False 0x7D3E497a85019195DBa39Ed1CA31Dde254fcb8B0
2026-09-30T21:06:49Z 0x4cd3be8768aea2a0297c22c17a7a3cae65adc0cc Politiswap True 0x2CD524394A4463A4E6F1829124DccBAC436C4061
2026-09-30T21:06:51Z 0x0000fe59823933ac763611a69c88f91d45f81888 BunniHook True 0xfBe09B7A6C6cc3A72B4CA41cdD9c88AC62bb7937
2026-09-30T21:06:52Z 0x000052423c1db6b7ff8641b85a7eefc7b2791888 BunniHook True 0xfBe09B7A6C6cc3A72B4CA41cdD9c88AC62bb7937
2026-09-30T21:06:53Z 0xd60a6a0f0d5e3fd451449c7256bbbdc59561e888 Generic4626Router True 0xC4E7263Dd870A29f1cFe438D1A7DB48547B16888
2026-09-30T21:06:54Z 0x5da2b7e2a88216d5ad129a0147a5e59aad4aea44 TokenFab True None
2026-09-30T21:06:55Z 0x6e5388d971015f3608b08f3c38fea80d0e685040 CreatorCoinHook True None
2026-09-30T21:06:57Z 0xadfe042ded16b4bfee0af065dfa85af0c9196a44 TokenFab True 0xd0468f945e9CCD7315aAAbB86d5862F918DD6179
2026-09-30T21:06:58Z 0x33029ea5e371c5c721d0afaea5cf8c0d0a68d040 None False None
2026-09-30T21:06:59Z 0x4440854b2d02c57a0dc5c58b7a884562d875c0c4 UniswapV4KEMHook True 0x47e1E291CE08ea68554583f2eC3B99351030C5F8
2026-09-30T21:07:01Z 0x0010d0d5db05933fa0d9f7038d365e1541a41888 BunniHook True 0xfBe09B7A6C6cc3A72B4CA41cdD9c88AC62bb7937
2026-09-30T21:07:02Z 0xf679fcb0090d6b444296cdacf91884537072ea44 TokenFab True 0x53a6B6297AEF42C7E3DfFcFC9f004C206fbc367e
2026-09-30T21:07:03Z 0x9f37e2401f6ec18246de8ae57b91deaa4f1ac040 None False 0x7D3E497a85019195DBa39Ed1CA31Dde254fcb8B0
2026-09-30T21:07:05Z 0x766d77aa976ad92fa785dc505228dca7a36f80cc TaxHook True 0xf5D82A93fa7c61A40C8F15c9b4c25E1C8861a8B3
2026-09-30T21:07:05Z 0xe702d70654fc7fd003b9079646b4cfd9c425ea44 None False None
2026-09-30T21:07:07Z 0x4ff4935dc3387455879f8d4ee66490317388d040 CreatorCoinHook True 0xC077e4cC02fa01A5b7fAca1acE9BBe9f5ac5Af9F
2026-09-30T21:07:08Z 0xf68e71202113c685c497ee0e53314277892740cc None False 0xf5D82A93fa7c61A40C8F15c9b4c25E1C8861a8B3
2026-09-30T21:07:08Z 0x8e04235b0a61dab93ab99c0bef82a407a8af5040 None False None
2026-09-30T21:07:10Z 0xadaccf778c96772fb06b042212b7ff0c434e00cc Politiswap True 0x6eb9e38440b1430e085822eE42E197f3524ec1E9
2026-09-30T21:07:11Z 0xc1d439d52dd5ea6a7910df9ee97bff7eb4ae2844 TokenFab True None
2026-09-30T21:07:12Z 0x89bc845938b5e1481cc1c5484d2d55a9c0523fff ERC1967Proxy True 0x43f95fFd9413f41865D9b2Dc3E11C136757F0EF7
2026-09-30T21:07:13Z 0x08b90cd5ea8a58b5e7b6a5d995e83d880f4a00c0 None False None
2026-09-30T21:07:14Z 0x83863f772f93e2a209dab0af924ca3d6764a40c4 None False 0x47e1E291CE08ea68554583f2eC3B99351030C5F8
2026-09-30T21:07:15Z 0xb9bf95601a4f847cb72792cab80c853067ca80cc None False 0xf5D82A93fa7c61A40C8F15c9b4c25E1C8861a8B3
2026-09-30T21:07:17Z 0xed1698c29928a6c44cddb0c75ab0e5d47eb72a80 TWAMM True 0xC4E7263Dd870A29f1cFe438D1A7DB48547B16888
2026-09-30T21:07:18Z 0x7c4ebb457cf1e8f08a139ac17716d71d9eecafdc BoardHook True 0x6D83cac25CfaCdC7035Bed947B92b64e6a8B8090
2026-09-30T21:07:20Z 0xc5a48b447f01e9ce3ede71e4c1c2038c38bd9000 GraduationHook True 0xc853D3B5F801e6eDD922E6690D4b813B683600aB
2026-09-30T21:07:21Z 0x23fffd008fb451356db5f874adabe4e909fc6844 TokenFab True None
2026-09-30T21:07:22Z 0x9fee91910961d1d6f33aae546bd821e38696efdc BoardHook True 0x6D83cac25CfaCdC7035Bed947B92b64e6a8B8090
2026-09-30T21:07:23Z 0xa6c8d7514785c4314ee05ed566cb41151d43c0c0 None False 0xB7a249bdeFf39727B5Eb4C7AD458f682BAe6aDAD
2026-09-30T21:07:25Z 0x10e2c11742919fa91f4f8ad17a9ccb78f2fa8888 None False 0x3417D503FF0611bEe46C97bE7D4B27962109D291
2026-09-30T21:07:26Z 0xa35ebf7184f6cbdb2bcf21f41c0f29bffd4e00cc Politiswap True 0x6eb9e38440b1430e085822eE42E197f3524ec1E9
2026-09-30T21:07:27Z 0x8af658f4b23c4c9f6fdf22e69b0b82350691a844 TokenFab True None
2026-09-30T21:07:30Z 0xbdf938149ac6a781f94faa0ed45e6a0e984c6544 DopplerHookInitializer True None
2026-09-30T21:07:32Z 0xb429d62f8f3bffb98cdb9569533ea23bf0ba28cc ClankerHookStaticFeeV2 True 0xD46618f35099074C5a456b21D2967a6FF6841Bd3
2026-09-30T21:07:34Z 0xbb7784a4d481184283ed89619a3e3ed143e1adc0 DecayMulticurveInitializerHook True 0x97a90100d77D05E309cdeB7e2AaF91F0EF8CA5ac
2026-09-30T21:07:35Z 0x0469a4bd3724dc86c9542f4694c976da13c450c0 ZoraV4CoinHook True None
2026-09-30T21:07:37Z 0x23321f11a6d44fd1ab790044fdfde5758c902fdc PositionManager True 0xB8A70b4d1547bf6193bd67A73F4F98ea9FD0A973
2026-09-30T21:07:38Z 0x7c672f3850afadcb8f83478e0a2a90d109fa6044 AdvancedFeeHookV6 True None
2026-09-30T21:07:39Z 0x892d3c2b4abeaaf67d52a7b29783e2161b7cad40 UniswapV4MulticurveInitializerHook True 0xaCE07c3c1D3b556D42633211f0Da71dc6F6d1c42
2026-09-30T21:07:40Z 0x3e6b46810b1fd5085086fd1417e8adb02f34a044 AdvancedFeeHookV6B True None
2026-09-30T21:07:41Z 0x9c7155d7216454d9d894f792c8b5c564f2c66acc TaxLaunchHook True None
2026-09-30T21:07:43Z 0x1f91c998e7c2f4b690d75bdbf6502bdcd6e02acc LaunchHook True None
2026-09-30T21:07:45Z 0x588c683ecc450f8b2aadb13d7f63792b840425dc PositionManager True 0xB8A70b4d1547bf6193bd67A73F4F98ea9FD0A973
2026-09-30T21:10:51Z 0xacf358b129423f0107b0bf892b3eff6c770128cc ZnsHookStaticFee True 0x0E150Daa9184573E05f0691B55dDD3e993b0651B
2026-09-30T21:10:53Z 0x963e91a45148b39737b9df10c5b897b55ca9e8cc BonkerHookDynamicFeeV2 True 0x21b109ce8E663FB63CF0B2529324A2e75AeAf87D
2026-09-30T21:10:54Z 0x9811f10cd549c754fa9e5785989c422a762c28cc LiquidHookStaticFeeV2 True 0x49F5b131e083510D47b22f7f4526c1B0F7957cda
2026-09-30T21:10:55Z 0x64746dca345c5652bc251597bd99562216a7a0cc StockHook True None
2026-09-30T21:10:56Z 0x84bbab8cac69bf6711ba81f9915dc346f4cf2088 RwagmiHookV2 True 0xb206ee1b465c46B75D3381f96de1598AC8E2DB20
2026-09-30T21:10:57Z 0xef8f0fe5ddaddafe51889588703b716a89b0d4c0 None False None
2026-09-30T21:10:58Z 0x47aebeebc95f04f54002c99420551ef83ddf68cc None False None
2026-09-30T21:10:59Z 0x924add3c0e75a8d22db0a4c75abc91c0a2202aec EmbowHook True 0x8Aa56545c3c4E970b716DFa725A82ec3E0CAD9B5
2026-09-30T21:11:01Z 0xd60d6b218116cfd801e28f78d011a203d2b068cc ClankerHookDynamicFeeV2 True 0xD46618f35099074C5a456b21D2967a6FF6841Bd3
2026-09-30T21:11:02Z 0x3e83479b2276ecfb7c7181f67b5d092d3511e0c4 TruthMarketHook True 0xa9d19Dd30540fB39C8e058E81DaA21FfCcfB4a57
2026-09-30T21:11:03Z 0x4e910679afbc3f2c0394ef5ff4643c35687560cc None False None
2026-09-30T21:11:04Z 0x57a1cf432a4559b55f2a7630ffa00cb7c08aa5c7 None False None
2026-09-30T21:11:05Z 0x3cbb383e9303e0f096c9cdd7a6ae66be913ce5c7 None False None
2026-09-30T21:11:06Z 0x99da2b1658582afca7eea9fe809475f3f3c0f888 None False 0x3Cc4F0CA3476996815cb5D6F86B97e83aB74578d
2026-09-30T21:11:07Z 0xcac7f6e1d63f859e47262d439a75e61e3725b888 FlashPerpsHookV3 True None
2026-09-30T21:11:08Z 0x4951d0e1cfb915f64ab19aed153bd6305a244088 VvveityFeeHookV2 True 0xF4cB2d07222DA1da9381A3d90bD0dBd7bFB4d246
2026-09-30T21:11:09Z 0x70473d2106f1ed529fbe8768b8912615b67bb800 MoonbaseHook True None
2026-09-30T21:11:11Z 0xf85f1f3082cfbc5e1149972309b25054e4d420cc B20Hook True 0x81EE2B6BcfcF9a614036578e5E4f2B02e507da5a
2026-09-30T21:11:12Z 0x10f775c7f82e57577b47e6401de31dfc9bade0cc LiqpadLaunchHook True None
2026-09-30T21:11:13Z 0xa10a6f4b918e963ec8694d37aa22e438706fe8cc ClankerHookStaticFeeV2 True 0xa1aB6Eb729c08B774798418b95D9C00D6Ec73527
2026-09-30T21:11:14Z 0x5b0a864213d49f23ed2a6635cc42b3b4fe7720cc AnyHook True None
2026-09-30T21:54:17Z 0xc8d077444625eb300a427a6dfb2b1dbf9b159040 ZoraV4CoinHook True 0xf69fEc6d858c77e969509843852178bd24CAd2B6
2026-09-30T21:54:19Z 0x2b15a16b3ef024005ba899bb51764fcd58cf9040 ContentCoinHook True 0xf69fEc6d858c77e969509843852178bd24CAd2B6
2026-09-30T21:54:20Z 0xff74be9d3596ea7a33bb4983dd7906fb34135040 ContentCoinHook True 0xf69fEc6d858c77e969509843852178bd24CAd2B6
2026-09-30T21:54:22Z 0x1258e5f3c71ca9dce95ce734ba5759532e46d040 CreatorCoinHook True 0xf69fEc6d858c77e969509843852178bd24CAd2B6
2026-09-30T21:54:23Z 0x985c14baa2a18316ffda0aefb3a632fadfca2acc LaunchHook True 0x05edc8Ce423533fF0bA6A2d286c6f3cd6fe05406
2026-09-30T21:54:25Z 0x3e342a06f9592459d75721d6956b570f02ef2dc0 UniswapV4ScheduledMulticurveInitializerHook True 0xaCE07c3c1D3b556D42633211f0Da71dc6F6d1c42
2026-09-30T21:54:27Z 0x3aa3f28ae7c829a98359f31f3ddc5dae0a57afdc BoardHook True 0x6D83cac25CfaCdC7035Bed947B92b64e6a8B8090
2026-09-30T21:54:29Z 0x8218fa8d7922e22aed3556a09d5a715f16ad5040 CreatorCoinHook True 0xf69fEc6d858c77e969509843852178bd24CAd2B6
2026-09-30T21:54:30Z 0xa068cf4c52abdd3479145c4b3cbd8e3d71542a44 LaunchHook True 0x05edc8Ce423533fF0bA6A2d286c6f3cd6fe05406
2026-09-30T21:54:31Z 0x2ef7ef5ced564a8ef6549271dbcd8401c6f300c8 None False 0x7a3E312Ec6e20a9F62fE2405938EB9060312E334
2026-09-30T21:54:33Z 0x3b2b979df21036cee51b8debb13100e2cb8deacc LaunchHook True 0xaa8d6f5A785304628bA68aA54A1941702665d58C
2026-09-30T21:54:36Z 0x80e2f7dc8c2c880bbc4bdf80a5fb0eb8b1db68cc LiquidHookDynamicFeeV2 True 0x49F5b131e083510D47b22f7f4526c1B0F7957cda
2026-09-30T21:54:38Z 0x8dc3b85e1dc1c846ebf3971179a751896842e5dc AnyPositionManager True 0xB8A70b4d1547bf6193bd67A73F4F98ea9FD0A973
2026-09-30T21:54:40Z 0xa52ee9411402a4c44cc87948343c6ce50258a8cc CornersHookStaticFee True 0x47Fa7239920ce932439c1FeCeA828ED56199159C
2026-09-30T21:54:42Z 0x4ab61d774b170d0610fdcc5559aae2c356c600c8 PubhouseHook True 0x30eF5100f6363DAf9EFfFef474968778f8F0512C
2026-09-30T21:54:43Z 0x1aa368e255a2856523fad0b809dbfb90e5434088 None False 0x2A315c59a6a95AEEec085c73Badac801C2F4209F
2026-09-30T21:54:45Z 0x5b409184204b86f708d3aebb3cad3f02835f68cc FeyHookStaticFeeV2 True 0xCA53E32B38350FdEbd759884940c9b0AC1c9754F
2026-09-30T21:54:46Z 0x487f034772b128e917b23a4edfd53442aa8de0cc None False 0x81EE2B6BcfcF9a614036578e5E4f2B02e507da5a
2026-09-30T21:54:47Z 0xf71a0ff7bc998cd59dad3ab4242357477e4280c0 None False 0x898A02Af06F7370358a74E9690Bb6450F72bCa63
2026-09-30T21:54:49Z 0xaa096f558f3d4c9226de77e7cc05f18e180b2544 DopplerHookInitializer True 0xaCE07c3c1D3b556D42633211f0Da71dc6F6d1c42
2026-09-30T21:54:50Z 0x130b18baa7f6f0d7b3730acc605aabe56df028cc BerylPadHookStaticFeeV2 True 0xA941775AC682532b33a9cd084BCCE70e2BD276D4
2026-09-30T21:54:51Z 0x0ae73dfa41f1acacf32ad050924384b295e968cc ClankerHookStaticFeeV2 True 0xa1aB6Eb729c08B774798418b95D9C00D6Ec73527
2026-09-30T21:54:53Z 0x7eee5ae49efb772b54593e8872583b12422c00c0 None False 0x76C5C1b8e77646d5334B85bdCfC547beCC0B17d4
2026-09-30T21:54:54Z 0x8d09e3df92c4c994d396e3c7558b4ddb16b21088 None False 0x2A315c59a6a95AEEec085c73Badac801C2F4209F
2026-09-30T21:54:55Z 0x24fc077bcd3af109a2acb9988ac2214393aa00c8 None False 0x7a3E312Ec6e20a9F62fE2405938EB9060312E334
2026-09-30T21:54:56Z 0x635aa18a64ed672285b3ba7f1a773b09f1fdca80 None False 0x1a0582dc2CB84Dc43837Cf418C84c650EF786e37
2026-09-30T21:54:57Z 0x97edfabcc578743e3b1e77a03c7772eea28c40c8 ThryxAntiSniperHookV5 True 0x7a3E312Ec6e20a9F62fE2405938EB9060312E334
2026-09-30T21:54:59Z 0x7debe6943acefe85c4ee81aadd736466e07528cc ClankerHookDynamicFeeV2 True 0x3B5AEdd9Ab921E592d2Fccaa6e33CF893e7EEb70
2026-09-30T21:55:01Z 0x03d2434d5a9ab7fb46bd3c7956a7c62e0cd46044 AdvancedFeeHook True 0x9372Dd5b6847B284325Ec5F3d4Ed1445f106ad82
2026-09-30T21:55:02Z 0x1aea38f06dece45c252ef1ac5af989d51dc8e8cc ClankerHookStaticFeeV2 True 0xa1aB6Eb729c08B774798418b95D9C00D6Ec73527
2026-09-30T21:55:03Z 0x8606950fde102cd812ade1d0b032a1374a850ac4 None False 0x1a0582dc2CB84Dc43837Cf418C84c650EF786e37
2026-09-30T21:55:05Z 0x5fcbfdafba96c8965d296c73e9d5d1c7b21f80c8 None False 0x7a3E312Ec6e20a9F62fE2405938EB9060312E334
2026-09-30T21:55:06Z 0x1cfead8e66cebc5e51093dfd247ad34f841740c4 TruthMarketHook True 0xa9d19Dd30540fB39C8e058E81DaA21FfCcfB4a57
2026-09-30T21:55:07Z 0xdc86a826d4e794b34b25eec5d9c9b17f5dc05acc None False None
2026-09-30T21:55:08Z 0xb44b7531f6a7574dc42a1d5f62996cf782e01acc None False None
2026-09-30T21:55:09Z 0x58477b067a59ed9effe0d8e44b545727a7851acc None False None
2026-09-30T21:55:10Z 0x2d68264c9791c9f4b736510545566b7831a28088 None False 0x2A315c59a6a95AEEec085c73Badac801C2F4209F
2026-09-30T21:55:12Z 0xd5252a67935fc6b913c4441ac0e5ebf3219faaa8 PlayerCurveHook True 0x3c68e45383BeBec9892Bd542f712D27feAd33d17
2026-09-30T21:55:13Z 0x94a8cbc33acd9ddb8c0eb9cc207befb005ab6aa8 None False 0x8Ce01CF638681e12AFfD10e2feb1E7E3C50b7509
2026-09-30T21:55:14Z 0x880cef920082950a19365dc0e87c27e16f3cc444 None False 0xca14dDF0E07bE9f4f19A47a9e0879DDDf8486FDa
2026-09-30T21:55:16Z 0x4d667e420bd4a42969cb27251a3f9a24661fd0cc BasedBidHook True 0xDb15B843A28933168104B9d6939f961703C5060f
2026-09-30T21:55:17Z 0xbeff407b7062e2fe15928960a58aec93b0c76044 AdvancedFeeHookV3 True 0x9372Dd5b6847B284325Ec5F3d4Ed1445f106ad82
2026-09-30T21:55:18Z 0x4db263809e6ea36d223161535173a01b5b3240c0 DynamicFeeHookV2 True 0xeAf22e1157d8f98f3F1CF9531DC2cDa96E2B994e
2026-09-30T21:55:20Z 0x35b9b5b023897da8c7375ba6141245b8416460cc wASSBLASTER True 0xD1EC8245c8850A151843ce8a3AFdca3b19747706
2026-09-30T21:55:21Z 0x937c03f5320506f72e7d25f85ff782466730e888 None False None
2026-09-30T21:55:22Z 0x9380d0b27282efc4ca76d04f465ecd8ef0042888 None False 0xf2234E57c9eb02Cb1663f42584D7046cAaE6fdd6
2026-09-30T21:55:23Z 0x9389feebab090b8b0ad4d7ddc918186d13642888 None False 0xf2234E57c9eb02Cb1663f42584D7046cAaE6fdd6
2026-09-30T21:55:24Z 0x932812ff52bfcd8c3fd753602f78a93363406888 None False 0xe3ed9Ed05284CF1962882beF564B2F6aEEC7d775
2026-09-30T21:55:25Z 0x590596c093ed4abb5e6a9a63721bd20ccd23d040 None False None
2026-09-30T21:55:26Z 0x6b9d4fafb166548e20c2d0d1fb180098a8808088 None False None
2026-09-30T21:55:27Z 0x1d6229c8221dec4f0a70b8fc0090ff25f7040088 None False 0x2A315c59a6a95AEEec085c73Badac801C2F4209F
2026-09-30T21:55:28Z 0xb4684ab90b1f18fd0c61ae4f8bf59dc9e7968088 None False None
2026-09-30T21:55:29Z 0x4a503091f66b44bc82c108eae91e358c7e030088 None False 0x2A315c59a6a95AEEec085c73Badac801C2F4209F
2026-09-30T21:55:30Z 0x653147d4d3f4a31f9b826ffcfb903933bc468088 None False None
2026-09-30T21:55:31Z 0xd55bfda89980b3a517719f2e6fbd53be565b0844 None False 0x40Fac0659e36fd5268025aa8e1Bc8d469960b2a5
2026-09-30T21:55:32Z 0x5c553eec9bfef1c33c94322618c886c097e6c088 None False 0x2A315c59a6a95AEEec085c73Badac801C2F4209F
2026-09-30T21:55:33Z 0xbbf0b679aee2d9e158730280a29e31e3875065c7 None False 0x08EC6Dd0F489B47E20289182305C0Df71f69BC89
2026-09-30T21:55:35Z 0x7400aa8c61c5e64a4fccbb7ad377b74af5a2c088 None False 0x2A315c59a6a95AEEec085c73Badac801C2F4209F
2026-09-30T21:55:36Z 0xe44e34f3baa02c1fadae6f3af9568c198a4480c0 None False None
2026-09-30T21:55:37Z 0x721eeec896f413ca7b971e0ef3cad2cd16b350c0 ZoraV4CoinHook True None
2026-09-30T21:55:38Z 0x570a48f96035c2874de1c0f13c5075a05683b0cc DeliHook True 0xB1dD2Fdb023cB54b7cc2a0f5D9e8d47a9F7723ce
2026-09-30T21:55:40Z 0x7b0957aec2fb2a6cadef57a537a9d086849b60c4 TruthMarketHook True 0xd1E7f1115980B6455658825e2743427E27ab89f0
2026-09-30T21:55:41Z 0x1041c61c34e2aa9f741c08ed76c052105bb60088 None False None
2026-09-30T21:55:42Z 0x56f25473dd2c2e8cd37b68ff38f3bddeb19daaa8 CurveHook True 0x3c68e45383BeBec9892Bd542f712D27feAd33d17
2026-09-30T21:55:44Z 0xcae7ebfa18755d1f35ee8e0f3356f375ed5b2aa8 CurveHook True 0x3c68e45383BeBec9892Bd542f712D27feAd33d17
2026-09-30T21:55:45Z 0xb4a13777525ddc151603e6d6b7db86352848eaa8 CurveHook True 0x18B29B181d81CFFBCf3f2931604ed9190e12Cae4
2026-09-30T21:55:47Z 0xfd07f3ca10bcf42550e7241dcc191297a0ab6aa8 None False 0x8Ce01CF638681e12AFfD10e2feb1E7E3C50b7509
2026-09-30T21:55:48Z 0x26541922c531ad24e26437f51fa77ff8c6ef90c0 ZoraV4CoinHook True None
2026-09-30T21:55:49Z 0x604dc51fe59125096b67eaec4b290491edbdc088 None False 0x2A315c59a6a95AEEec085c73Badac801C2F4209F
2026-09-30T21:55:50Z 0x09e2b229801106dcf267ede9a48d530de7703a80 None False None
2026-09-30T21:55:52Z 0xc8b624ad72059c41b6e324c7840651e1dfa268cc ClankerHookDynamicFeeV2 True 0xa1aB6Eb729c08B774798418b95D9C00D6Ec73527
2026-09-30T21:55:53Z 0x6ae11676c7b3ec082989ce12ba462d46180fc0c4 TruthMarketHook True None
2026-09-30T21:55:54Z 0xf060ebf94c07363756eeb5a0a7738f40b37100c0 None False None
2026-09-30T21:55:55Z 0x63e0ff2e9c38db24c56a075b69653d99c412c880 RampHook True 0xFBe2aA0cb012097928E220211f0ebD9F6dEe32fd
2026-09-30T21:55:57Z 0x805975d27518e3e23c4838802d9dda7302dca044 AdvancedFeeHook True 0x9372Dd5b6847B284325Ec5F3d4Ed1445f106ad82
2026-09-30T21:55:58Z 0x09a1db744e7353f95cf1cc080f692e2bff73eacc DiemCatLaunchHook True None
2026-09-30T21:56:00Z 0xd2f43d17307e31a706f83055ebc82a0738bda8cc CornersHookStaticFee True 0xA07636947533723B4B7245fF77fa896697Ea9Ee1
2026-09-30T21:56:01Z 0x8a524135d425331d88603ea8cfe23adbe75680cc TripoolsAntiSnipeHook True 0xc5b1e9ff5D4F189F165c92eF41f84Fa08239d042
2026-09-30T21:56:03Z 0x121f94835dab08ebaf084809a97e525b69e400cc UniswapV4SwapFeeHookV1 True 0xF6fd592F4EE09c5d45361d62d51d49b47dC37738
2026-09-30T21:56:04Z 0x1fa095cab8689bf79a8149472b8502ea96ead040 None False None
2026-09-30T21:56:04Z 0x6f2d4df486d22a166207e20f3c7414280b041440 None False None
2026-09-30T21:56:06Z 0x070e47ba89e6e0ece8fe3e4083b8c74814c54844 CabalFeeHook True 0xEE2DC8E62a2823742Cf1Ec3C240a5468A4E73998
2026-09-30T21:56:07Z 0xa1dd6389bcb78bf5d822d207c05bbe8e3656a888 None False None
2026-09-30T21:56:08Z 0xa1ba58aa0e24948df332f64a8baa33882e18e888 None False 0xf2234E57c9eb02Cb1663f42584D7046cAaE6fdd6
2026-09-30T21:56:09Z 0xa167c254ef8a24bda465760dc1969a5ce37ae888 None False 0xe3ed9Ed05284CF1962882beF564B2F6aEEC7d775
2026-09-30T21:56:11Z 0xcb9d09fba2195cb59d979df042fee667f2b15acc BasedBidHook True 0xC4AF7042487E57E3329E4861fa6B17A81dD287a4
2026-09-30T21:56:12Z 0xba83ee6969d09ceb8a4827c3ed77413c75392044 AdvancedFeeHookV5 True 0x1Be69223CA8feF61b0D0F7AE05904bb47cda1681
2026-09-30T21:56:14Z 0xca975b9daf772c71161f3648437c3616e5be0088 SimpleSellTaxHook True 0xabca01209AaAe062Bc603E8497a008bde9910fF7
2026-09-30T21:56:15Z 0xa10104b0d43d63701328b61699a902795d9e6acc TransparentUpgradeableProxy True 0x364821a690FAB9c1D075099Db822A00af84e4920
2026-09-30T21:56:17Z 0xdf933bdb27f41cd517cc19452268d8e2ade1c0cc TSTFeeHook True 0xE513DDE6859d0e54E64491B65CDBbE2a2aAE0349
2026-09-30T21:56:18Z 0xea6e57d5fa362c1fba4f52ee19138a4e79f310cc None False 0xDb15B843A28933168104B9d6939f961703C5060f
2026-09-30T21:56:19Z 0xbe6d533386970c867bc48de342dfc98b3e25c0cc None False None
2026-09-30T21:56:20Z 0x0a10576d56379b951317e07363301c1e8c7e9fcc TupleOracleHook True None
2026-09-30T21:56:21Z 0xf95e48163f68c20b14a4e82525dccc4bdbaaa8cc ClankerHookStaticFeeV2 True None
2026-09-30T21:56:22Z 0xd73ac86f7a916b6b392c6b82d67d219a3a6080c4 None False None
2026-09-30T21:56:23Z 0x66bbb92ab9c57f598dd13da77abcb470409280c0 None False None
2026-09-30T21:56:24Z 0xd84d227021186b5a9542df396aae96907a7e4088 None False None
2026-09-30T21:56:25Z 0x201c4916c085032fb49f0b778efa98df23672044 AdvancedFeeHookV5 True None
2026-09-30T21:56:26Z 0x95afbc0fccf974b41380f24e562f15b6dd90fac8 DeliHookConstantProduct True 0xB1dD2Fdb023cB54b7cc2a0f5D9e8d47a9F7723ce
2026-09-30T22:00:32Z 0xd6fecff347c6203a41874e8d77de669b54e7a500 UniswapV4MigratorHook True 0xaCE07c3c1D3b556D42633211f0Da71dc6F6d1c42
2026-09-30T22:00:35Z 0xa3898644f517e3f7dd4d8a958b97e3658ced60cc FlowHookV3 True 0xEDC32d62571362cb02c99E4aED048C3F35DfC9d0
2026-09-30T22:00:36Z 0xde2f9244e183b051070ff6be80afdb63abc3e000 PairV4Hook True None
2026-09-30T22:00:37Z 0x8e7640e6bbcc483be39c9898a41dae86013368cc ClankerHookStaticFeeV2 True 0xd80FD0224Dbc24E6Aa65332bCB8072B8817a32e8
2026-09-30T22:00:38Z 0x1120bbc5b26d20e5d5b8170e46be56c05c4110c8 GeneralLaunchHook True None
2026-09-30T22:00:39Z 0xbae21601ea141af641b7ae0710efbd061e0910cc None False 0x98306FB48e635ddEFeAF6035d3AF976745aE097d
2026-09-30T22:00:42Z 0x3a5357b375904cfaa9df07fba7252baa491c6fdc BoardHook True 0x6D83cac25CfaCdC7035Bed947B92b64e6a8B8090
2026-09-30T22:00:43Z 0x73e0ae5d6b6950155db0415a60e5bb9a89a310c0 ZoraV4CoinHook True None
2026-09-30T22:00:44Z 0x8defd6da5b578f50b22a358c4d859d5b538e9088 GitlawnchHook True None
2026-09-30T22:00:45Z 0xac4b3944c351b6641fdd85a192cf6ddf84b3facc BDeFiHook True 0x93d011AB7EA9e557e5d95189aB6469E00Ff79524
2026-09-30T22:00:47Z 0xe6b2b3e59d5df7827eb0a7915675db66ab12a044 AdvancedFeeHookV3 True 0x9372Dd5b6847B284325Ec5F3d4Ed1445f106ad82
2026-09-30T22:00:48Z 0xaf07116f1892c5fae4b55234a57ea20cf4e960cc Flash True None
2026-09-30T22:00:50Z 0x8c0986c564025903b0f1c7c87cba1760cb4faacc LaunchHook True None
2026-09-30T22:00:52Z 0x66ee9adb1d644bb818e654aaed1824618c116fdc BoardHook True 0x6D83cac25CfaCdC7035Bed947B92b64e6a8B8090
2026-09-30T22:00:54Z 0x93df808b3ca6f17686dc85c4d68f8c37c9111480 None False 0x030C1970470D609AA9ec69dD8803d6EA741D9b76
2026-09-30T22:00:55Z 0xd3c1f2174f37f88811f99b1b1b4c1356c0246000 AquinasPoolHook True 0x527B3A784e988c8C30743fC503269790880CbC28
2026-09-30T22:00:56Z 0x221fab939d3c966122da95cea963e1b8d3f410c0 ZoraV4CoinHook True None
2026-09-30T22:00:58Z 0x80887f4ce589c973ebb1f6f81b6f6bb492106fdc BoardHook True 0x6D83cac25CfaCdC7035Bed947B92b64e6a8B8090
2026-09-30T22:00:59Z 0xd103012ad40bcd053fdda1ae80f62f39366ca080 ForgeHook True 0x15d0220355500E5aD758Ca1c365267a27975Ee44
2026-09-30T22:01:00Z 0x24e081f4da1ce6f8c194a031ae7aecb7910968cc ClankerHookStaticFeeV2 True 0xa1aB6Eb729c08B774798418b95D9C00D6Ec73527
2026-09-30T22:01:02Z 0xf54473f4c554baa8411c0a7dac7df735f34d00c4 None False None
2026-09-30T22:01:03Z 0xf5ee090f78bb3aa9e8719c776449bfa1587828cc ClankerHookStaticFeeV2 True 0xd80FD0224Dbc24E6Aa65332bCB8072B8817a32e8
2026-09-30T22:01:04Z 0xce5d52c0c2345260502872b6108d0ce2559280cc OmniHook True None
2026-09-30T22:01:05Z 0x87ee8672075744d032a8c00d8fdc19a7f79b90cc None False None
2026-09-30T22:01:06Z 0xb494549686042893f1d69c08d9332e318c9c40c8 None False 0x7a3E312Ec6e20a9F62fE2405938EB9060312E334
2026-09-30T22:01:07Z 0x93feafe6242e79be023156ea716503fe76e28044 None False None
2026-09-30T22:01:08Z 0x933ca27249aecd62b03d898ec623603176330088 None False None
2026-09-30T22:01:09Z 0xa74562863529b72b04368ca5efafd96c4741aaec ForgeHookV4 True 0x8a6ab6505322d6c7eb46AE5599ce4b03cE82FDC7
2026-09-30T22:01:11Z 0x6773a2c211748e328d094e54c2b9f6b68208c088 VvveityFeeHook True 0xF4cB2d07222DA1da9381A3d90bD0dBd7bFB4d246
2026-09-30T22:01:12Z 0x73669cea70473f28af31fd1e7750e51dcfe5ea20 LaunchGuardHook True 0x8Aa56545c3c4E970b716DFa725A82ec3E0CAD9B5
2026-09-30T22:01:14Z 0x64b54c01afcb36a405a2615e65b5e22a52b28044 AccumulateHook True 0x6Ec38A4FfBD68e02D982941BC5Dc1E0348c5b2BC
2026-09-30T22:01:15Z 0x832de6200d78670a63b9c37fee55d7f5dc1620c0 None False 0x6f8b4964E85f8053c660849122988baD42635251
2026-09-30T22:01:16Z 0xb319b5b605da964bff0bad01968243bb2e8c28cc None False 0xB34634Bff4FBD90B8C26B69EbddBc83F354684bB
2026-09-30T22:01:17Z 0x1995280ec8cbe8136dafe96645b24c52df3590cc None False 0xDb15B843A28933168104B9d6939f961703C5060f
2026-09-30T22:01:19Z 0x19945cf328faad357df4e1cc809a2fb39bc300cc TripoolsAntiSnipeHook True 0xc5b1e9ff5D4F189F165c92eF41f84Fa08239d042
