2026-09-30T21:11:55Z pin {"start_block": 25350988, "end_block": 52006302, "end_block_source": "eth_blockNumber on https://mainnet.base.org at launch", "pinned_at_utc": "2026-09-30T20:59:12Z", "chunk_size": 2000, "topic0": "0xdd466e674ea557f56295e2d0218a125ea4b4f0f6f3307b95f85e6110838d6438", "address": "0x498581ff718922c3f8e6a244956af099b2652b2b"} chunks total 13328 todo 7175
2026-09-30T21:12:55Z progress chunks_done 6452 / 13328 rows_this_run 530209 queue 6871 gaps 0 stats {'mainnet.base.org': {'req': 97, 'err': 0, 'rate': 0}, 'tenderly': {'req': 310, 'err': 0, 'rate': 0}, 'developer-access-mainnet.base.org': {'req': 52, 'err': 0, 'rate': 0}}
2026-09-30T21:13:55Z progress chunks_done 6778 / 13328 rows_this_run 1082787 queue 6545 gaps 0 stats {'mainnet.base.org': {'req': 196, 'err': 0, 'rate': 0}, 'tenderly': {'req': 659, 'err': 0, 'rate': 2}, 'developer-access-mainnet.base.org': {'req': 105, 'err': 0, 'rate': 0}}
2026-09-30T21:14:55Z progress chunks_done 7147 / 13328 rows_this_run 1532333 queue 6176 gaps 0 stats {'mainnet.base.org': {'req': 310, 'err': 0, 'rate': 0}, 'tenderly': {'req': 1055, 'err': 0, 'rate': 2}, 'developer-access-mainnet.base.org': {'req': 162, 'err': 0, 'rate': 0}}
2026-09-30T21:15:55Z progress chunks_done 7342 / 13328 rows_this_run 2044199 queue 5981 gaps 0 stats {'mainnet.base.org': {'req': 378, 'err': 0, 'rate': 0}, 'tenderly': {'req': 1249, 'err': 0, 'rate': 2}, 'developer-access-mainnet.base.org': {'req': 194, 'err': 0, 'rate': 0}}
2026-09-30T21:16:55Z progress chunks_done 7527 / 13328 rows_this_run 2570744 queue 5796 gaps 0 stats {'mainnet.base.org': {'req': 440, 'err': 0, 'rate': 0}, 'tenderly': {'req': 1430, 'err': 0, 'rate': 2}, 'developer-access-mainnet.base.org': {'req': 226, 'err': 0, 'rate': 0}}
2026-09-30T21:17:55Z progress chunks_done 7695 / 13328 rows_this_run 3073904 queue 5628 gaps 0 stats {'mainnet.base.org': {'req': 498, 'err': 0, 'rate': 0}, 'tenderly': {'req': 1591, 'err': 0, 'rate': 3}, 'developer-access-mainnet.base.org': {'req': 257, 'err': 0, 'rate': 0}}
2026-09-30T21:18:55Z progress chunks_done 7837 / 13328 rows_this_run 3630221 queue 5486 gaps 0 stats {'mainnet.base.org': {'req': 555, 'err': 0, 'rate': 0}, 'tenderly': {'req': 1728, 'err': 0, 'rate': 3}, 'developer-access-mainnet.base.org': {'req': 285, 'err': 0, 'rate': 0}}
2026-09-30T21:19:55Z progress chunks_done 7939 / 13328 rows_this_run 4152585 queue 5384 gaps 0 stats {'mainnet.base.org': {'req': 624, 'err': 0, 'rate': 0}, 'tenderly': {'req': 1833, 'err': 0, 'rate': 3}, 'developer-access-mainnet.base.org': {'req': 319, 'err': 0, 'rate': 0}}
2026-09-30T21:20:55Z progress chunks_done 8041 / 13328 rows_this_run 4672603 queue 5282 gaps 0 stats {'mainnet.base.org': {'req': 684, 'err': 0, 'rate': 0}, 'tenderly': {'req': 1949, 'err': 0, 'rate': 3}, 'developer-access-mainnet.base.org': {'req': 348, 'err': 0, 'rate': 0}}
2026-09-30T21:21:55Z progress chunks_done 8170 / 13328 rows_this_run 5248409 queue 5153 gaps 0 stats {'mainnet.base.org': {'req': 746, 'err': 0, 'rate': 0}, 'tenderly': {'req': 2086, 'err': 0, 'rate': 4}, 'developer-access-mainnet.base.org': {'req': 381, 'err': 0, 'rate': 0}}
2026-09-30T21:22:55Z progress chunks_done 8272 / 13328 rows_this_run 5755345 queue 5051 gaps 0 stats {'mainnet.base.org': {'req': 812, 'err': 0, 'rate': 0}, 'tenderly': {'req': 2192, 'err': 0, 'rate': 4}, 'developer-access-mainnet.base.org': {'req': 413, 'err': 0, 'rate': 0}}
2026-09-30T21:23:55Z progress chunks_done 8369 / 13328 rows_this_run 6290500 queue 4954 gaps 0 stats {'mainnet.base.org': {'req': 879, 'err': 0, 'rate': 0}, 'tenderly': {'req': 2308, 'err': 0, 'rate': 4}, 'developer-access-mainnet.base.org': {'req': 450, 'err': 0, 'rate': 0}}
2026-09-30T21:24:55Z progress chunks_done 8464 / 13328 rows_this_run 6785143 queue 4859 gaps 0 stats {'mainnet.base.org': {'req': 937, 'err': 0, 'rate': 0}, 'tenderly': {'req': 2410, 'err': 0, 'rate': 4}, 'developer-access-mainnet.base.org': {'req': 478, 'err': 0, 'rate': 0}}
2026-09-30T21:25:55Z progress chunks_done 8577 / 13328 rows_this_run 7285184 queue 4746 gaps 0 stats {'mainnet.base.org': {'req': 997, 'err': 0, 'rate': 0}, 'tenderly': {'req': 2519, 'err': 1, 'rate': 4}, 'developer-access-mainnet.base.org': {'req': 503, 'err': 0, 'rate': 0}}
2026-09-30T21:26:55Z progress chunks_done 8706 / 13328 rows_this_run 7811169 queue 4617 gaps 0 stats {'mainnet.base.org': {'req': 1058, 'err': 0, 'rate': 0}, 'tenderly': {'req': 2653, 'err': 1, 'rate': 4}, 'developer-access-mainnet.base.org': {'req': 528, 'err': 1, 'rate': 0}}
2026-09-30T21:27:55Z progress chunks_done 8823 / 13328 rows_this_run 8319469 queue 4500 gaps 0 stats {'mainnet.base.org': {'req': 1120, 'err': 0, 'rate': 0}, 'tenderly': {'req': 2769, 'err': 1, 'rate': 4}, 'developer-access-mainnet.base.org': {'req': 558, 'err': 1, 'rate': 0}}
2026-09-30T21:28:55Z progress chunks_done 9082 / 13328 rows_this_run 8803084 queue 4241 gaps 0 stats {'mainnet.base.org': {'req': 1215, 'err': 0, 'rate': 0}, 'tenderly': {'req': 3004, 'err': 2, 'rate': 4}, 'developer-access-mainnet.base.org': {'req': 605, 'err': 1, 'rate': 0}}
2026-09-30T21:29:55Z progress chunks_done 9364 / 13328 rows_this_run 9317904 queue 3959 gaps 0 stats {'mainnet.base.org': {'req': 1316, 'err': 0, 'rate': 0}, 'tenderly': {'req': 3266, 'err': 2, 'rate': 4}, 'developer-access-mainnet.base.org': {'req': 655, 'err': 1, 'rate': 0}}
2026-09-30T21:30:55Z progress chunks_done 9730 / 13328 rows_this_run 9779547 queue 3593 gaps 0 stats {'mainnet.base.org': {'req': 1452, 'err': 0, 'rate': 0}, 'tenderly': {'req': 3599, 'err': 2, 'rate': 4}, 'developer-access-mainnet.base.org': {'req': 722, 'err': 1, 'rate': 0}}
2026-09-30T21:31:55Z progress chunks_done 10368 / 13328 rows_this_run 10099633 queue 2955 gaps 0 stats {'mainnet.base.org': {'req': 1701, 'err': 0, 'rate': 0}, 'tenderly': {'req': 4123, 'err': 2, 'rate': 4}, 'developer-access-mainnet.base.org': {'req': 849, 'err': 1, 'rate': 0}}
2026-09-30T21:32:55Z progress chunks_done 11005 / 13328 rows_this_run 10394124 queue 2318 gaps 0 stats {'mainnet.base.org': {'req': 1939, 'err': 0, 'rate': 0}, 'tenderly': {'req': 4685, 'err': 2, 'rate': 4}, 'developer-access-mainnet.base.org': {'req': 967, 'err': 1, 'rate': 0}}
2026-09-30T21:33:55Z progress chunks_done 11839 / 13328 rows_this_run 10576841 queue 1484 gaps 0 stats {'mainnet.base.org': {'req': 2300, 'err': 0, 'rate': 0}, 'tenderly': {'req': 5274, 'err': 2, 'rate': 4}, 'developer-access-mainnet.base.org': {'req': 1145, 'err': 1, 'rate': 0}}
2026-09-30T21:34:55Z progress chunks_done 12721 / 13328 rows_this_run 10717087 queue 602 gaps 0 stats {'mainnet.base.org': {'req': 2683, 'err': 0, 'rate': 0}, 'tenderly': {'req': 5888, 'err': 2, 'rate': 7}, 'developer-access-mainnet.base.org': {'req': 1339, 'err': 1, 'rate': 0}}
2026-09-30T21:35:44Z round 1 finished; missing chunks 0
2026-09-30T21:35:44Z assembling parts
2026-09-30T21:35:55Z progress chunks_done 13328 / 13328 rows_this_run 10822593 queue 0 gaps 0 stats {'mainnet.base.org': {'req': 2914, 'err': 0, 'rate': 0}, 'tenderly': {'req': 6405, 'err': 2, 'rate': 7}, 'developer-access-mainnet.base.org': {'req': 1452, 'err': 1, 'rate': 0}}
2026-09-30T21:44:30Z DONE /home/user/dapparb/research-material/.sentinels/V4INIT.DONE rows 15333247 parts 22
