# 2026-09-30T22:08:49Z cmd: LOG_JSON=1 node --import tsx --import /home/user/dapparb/research-material/07-other-chains-engine/collect/exit-flush.mjs src/main.ts --chain mainnet --mode dry --contract  --out /home/user/dapparb/research-material/07-other-chains-engine/collect/work/smoke-engine-mainnet.jsonl --source logs --universe all --max-per-factory 6000 --min-depth-eth 0.1 --min-profit-usd 0.01 --top 6
{"level":30,"time":1790806133905,"pid":15949,"hostname":"vm","dex":"UniswapV2","total":523391,"enumerated":6000,"msg":"factory enumerated"}
{"level":30,"time":1790806134891,"pid":15949,"hostname":"vm","dex":"SushiV2","total":4776,"enumerated":4776,"msg":"factory enumerated"}
{"level":30,"time":1790806136568,"pid":15949,"hostname":"vm","dex":"PancakeV2","total":8020,"enumerated":6000,"msg":"factory enumerated"}
{"level":30,"time":1790806195454,"pid":15949,"hostname":"vm","enumeratedPools":16776,"tokens":15833,"pairs":16692,"msg":"universe enumerated; resolving every venue per pair"}
{"level":30,"time":1790806250079,"pid":15949,"hostname":"vm","candidates":250380,"found":20909,"msg":"pool discovery complete"}
{"level":40,"time":1790806254585,"pid":15949,"hostname":"vm","status":404,"url":"https://api.geckoterminal.com/api/v2/networks/eth/dexes/uniswap-v3/pools?page=1&sort=h24_volume_usd_desc","msg":"geckoterminal request failed"}
{"level":40,"time":1790806284571,"pid":15949,"hostname":"vm","status":404,"url":"https://api.geckoterminal.com/api/v2/networks/eth/dexes/uniswap-v2/pools?page=1&sort=h24_volume_usd_desc","msg":"geckoterminal request failed"}
{"level":30,"time":1790806286771,"pid":15949,"hostname":"vm","requests":7,"pools":99,"msg":"geckoterminal pools fetched"}
{"level":30,"time":1790806286772,"pid":15949,"hostname":"vm","listed":99,"v4":15,"dexes":["uniswap-v4-ethereum"],"msg":"uniswap v4 candidates"}
{"level":30,"time":1790806286946,"pid":15949,"hostname":"vm","listed":15,"kept":7,"keyFailed":0,"unknownKey":0,"hooked":4,"outOfUniverse":4,"msg":"uniswap v4 pools discovered"}
{"level":30,"time":1790806311042,"pid":15949,"hostname":"vm","tokens":15834,"pools":1739,"cycles":1670,"minDepthEth":0.1,"source":"logs","mode":"dry","contract":"","codeOverride":false,"msg":"searcher ready"}
{"level":30,"time":1790806311157,"pid":15949,"hostname":"vm","msg":"subscribed to newHeads via websocket"}
{"level":30,"time":1790806327671,"pid":15949,"hostname":"vm","t":"2026-09-30T22:12:07.671Z","block":26093201,"fb":0,"route":"AMPL>WETH@UniswapV2 WETH>AMPL@UniswapV3/3000","pools":["0xc5be99A02C6857f9Eac67BbCE58DF5572498F40c","0x86d257cDB7bC9c0dF10E84C8709697F92770b335"],"token":"AMPL","amountIn":"23839.026167732","predictedProfitUsd":7267.7401,"gasUsd":0.2025,"netUsd":7267.5377,"gapBps":7694.2,"msg":"opportunity (no contract configured; not simulated)"}
{"level":30,"time":1790806327672,"pid":15949,"hostname":"vm","t":"2026-09-30T22:12:07.672Z","block":26093201,"fb":0,"route":"DELTA>WETH@SushiV2 WETH>DELTA@UniswapV2","pools":["0x1498bd576454159Bb81B5Ce532692a8752D163e8","0x7D7E813082eF6c143277c71786e5bE626ec77b20"],"token":"DELTA","amountIn":"4531.617174210055834725","predictedProfitUsd":6151.934,"gasUsd":0.0328,"netUsd":6151.9012,"gapBps":89818.4,"msg":"opportunity (no contract configured; not simulated)"}
{"level":30,"time":1790806327672,"pid":15949,"hostname":"vm","t":"2026-09-30T22:12:07.672Z","block":26093201,"fb":0,"route":"USDT>SWDC@PancakeV3/100 SWDC>USDT@PancakeV3/2500","pools":["0x2d895d56002e354126982D49b71693BCFee38f43","0xb27A116246920F6aacD9A556b0fDE2b57ce75499"],"token":"USDT","amountIn":"32.122487","predictedProfitUsd":43.9431,"gasUsd":0.0638,"netUsd":43.8792,"gapBps":14880.5,"msg":"opportunity (no contract configured; not simulated)"}
{"level":30,"time":1790806327672,"pid":15949,"hostname":"vm","t":"2026-09-30T22:12:07.672Z","block":26093201,"fb":0,"route":"EMT>WETH@UniswapV3/500 WETH>EMT@SushiV2","pools":["0xE98F30Dcc21EA137c32dc073947c459Cf30B9BeE","0xf9077035B81af578bC29ed18Ab83571B9c90E6Cf"],"token":"EMT","amountIn":"6712.954249421722578466","predictedProfitUsd":30.0817,"gasUsd":0.046,"netUsd":30.0357,"gapBps":4042.7,"msg":"opportunity (no contract configured; not simulated)"}
{"level":30,"time":1790806327672,"pid":15949,"hostname":"vm","t":"2026-09-30T22:12:07.672Z","block":26093201,"fb":0,"route":"AZUKI>WETH@UniswapV3/10000 WETH>AZUKI@UniswapV2","pools":["0x0a09CCbaad2550746560b5a66bC77945820F2954","0x654def3E97C3F4218C3f49ace81687483C361b2b"],"token":"AZUKI","amountIn":"0.009389534236052542","predictedProfitUsd":4.0851,"gasUsd":0.046,"netUsd":4.0391,"gapBps":9117716.1,"msg":"opportunity (no contract configured; not simulated)"}
{"level":30,"time":1790806327672,"pid":15949,"hostname":"vm","t":"2026-09-30T22:12:07.672Z","block":26093201,"fb":0,"route":"RSR>WETH@UniswapV2 WETH>RSR@UniswapV3/3000","pools":["0xba65016890709dBC9491Ca7bF5DE395B8441DC8B","0xba8eb224b656681B2B8Cce9c3FC920D98594675b"],"token":"RSR","amountIn":"8195.626337344569353613","predictedProfitUsd":0.4466,"gasUsd":0.0506,"netUsd":0.396,"gapBps":111.7,"msg":"opportunity (no contract configured; not simulated)"}
{"level":30,"time":1790806430253,"pid":15949,"hostname":"vm","ticks":10,"gross":453,"net":50,"simulated":0,"simOk":0,"sent":0,"landed":0,"failed":0,"profitEth":0,"gasSpentEth":0,"staleTicks":0,"logsApplied":53,"touchedPools":37,"block":26093210,"fb":0,"syncMs":73,"searchMs":0,"totalMs":73,"pools":1739,"msg":"heartbeat"}

[exit-flush] SIGINT received at 2026-09-30T22:13:55.335Z; flushing for 5 s then exiting 130
{"level":30,"time":1790806435335,"pid":15949,"hostname":"vm","ticks":10,"gross":453,"net":50,"simulated":0,"simOk":0,"sent":0,"landed":0,"failed":0,"profitEth":0,"gasSpentEth":0,"staleTicks":0,"logsApplied":53,"touchedPools":37,"msg":"shutting down"}
