# 2026-09-30T22:08:49Z cmd: LOG_JSON=1 node --import tsx --import /home/user/dapparb/research-material/07-other-chains-engine/collect/exit-flush.mjs src/main.ts --chain arbitrum --mode dry --contract  --out /home/user/dapparb/research-material/07-other-chains-engine/collect/work/smoke-engine-arbitrum.jsonl --source logs --universe all --max-per-factory 6000 --min-depth-eth 0.1 --min-profit-usd 0.01 --top 6
{"level":30,"time":1790806133541,"pid":15945,"hostname":"vm","dex":"SushiV2","total":32886,"enumerated":6000,"msg":"factory enumerated"}
{"level":30,"time":1790806145292,"pid":15945,"hostname":"vm","enumeratedPools":6000,"tokens":5862,"pairs":5989,"msg":"universe enumerated; resolving every venue per pair"}
{"level":30,"time":1790806197306,"pid":15945,"hostname":"vm","candidates":77857,"found":6522,"msg":"pool discovery complete"}
{"level":40,"time":1790806201862,"pid":15945,"hostname":"vm","status":404,"url":"https://api.geckoterminal.com/api/v2/networks/arbitrum/dexes/uniswap-v3-arbitrum/pools?page=1&sort=h24_volume_usd_desc","msg":"geckoterminal request failed"}
{"level":40,"time":1790806207378,"pid":15945,"hostname":"vm","status":404,"url":"https://api.geckoterminal.com/api/v2/networks/arbitrum/dexes/sushiswap-arbitrum/pools?page=1&sort=h24_volume_usd_desc","msg":"geckoterminal request failed"}
{"level":30,"time":1790806207379,"pid":15945,"hostname":"vm","requests":6,"pools":75,"msg":"geckoterminal pools fetched"}
{"level":30,"time":1790806207379,"pid":15945,"hostname":"vm","listed":75,"v4":11,"dexes":["uniswap-v4-arbitrum"],"msg":"uniswap v4 candidates"}
{"level":30,"time":1790806207654,"pid":15945,"hostname":"vm","listed":11,"kept":7,"keyFailed":0,"unknownKey":0,"hooked":2,"outOfUniverse":2,"msg":"uniswap v4 pools discovered"}
{"level":30,"time":1790806215184,"pid":15945,"hostname":"vm","tokens":5863,"pools":83,"cycles":92,"minDepthEth":0.1,"source":"logs","mode":"dry","contract":"","codeOverride":false,"msg":"searcher ready"}
{"level":30,"time":1790806215288,"pid":15945,"hostname":"vm","msg":"subscribed to newHeads via websocket"}
{"level":30,"time":1790806220072,"pid":15945,"hostname":"vm","ticks":10,"gross":10,"net":0,"simulated":0,"simOk":0,"sent":0,"landed":0,"failed":0,"profitEth":0,"gasSpentEth":0,"staleTicks":0,"logsApplied":0,"touchedPools":0,"block":510474069,"fb":0,"syncMs":69,"searchMs":0,"totalMs":69,"pools":83,"msg":"heartbeat"}
{"level":30,"time":1790806222693,"pid":15945,"hostname":"vm","ticks":20,"gross":10,"net":0,"simulated":0,"simOk":0,"sent":0,"landed":0,"failed":0,"profitEth":0,"gasSpentEth":0,"staleTicks":0,"logsApplied":0,"touchedPools":0,"block":510474079,"fb":0,"syncMs":61,"searchMs":0,"totalMs":61,"pools":83,"msg":"heartbeat"}
{"level":30,"time":1790806225312,"pid":15945,"hostname":"vm","ticks":30,"gross":10,"net":0,"simulated":0,"simOk":0,"sent":0,"landed":0,"failed":0,"profitEth":0,"gasSpentEth":0,"staleTicks":0,"logsApplied":0,"touchedPools":0,"block":510474089,"fb":0,"syncMs":68,"searchMs":0,"totalMs":68,"pools":83,"msg":"heartbeat"}
{"level":30,"time":1790806227994,"pid":15945,"hostname":"vm","ticks":40,"gross":10,"net":0,"simulated":0,"simOk":0,"sent":0,"landed":0,"failed":0,"profitEth":0,"gasSpentEth":0,"staleTicks":0,"logsApplied":0,"touchedPools":0,"block":510474099,"fb":0,"syncMs":55,"searchMs":0,"totalMs":55,"pools":83,"msg":"heartbeat"}
{"level":30,"time":1790806230900,"pid":15945,"hostname":"vm","ticks":50,"gross":10,"net":0,"simulated":0,"simOk":0,"sent":0,"landed":0,"failed":0,"profitEth":0,"gasSpentEth":0,"staleTicks":0,"logsApplied":1,"touchedPools":1,"block":510474109,"fb":0,"syncMs":56,"searchMs":0,"totalMs":56,"pools":83,"msg":"heartbeat"}
{"level":30,"time":1790806233678,"pid":15945,"hostname":"vm","ticks":60,"gross":10,"net":0,"simulated":0,"simOk":0,"sent":0,"landed":0,"failed":0,"profitEth":0,"gasSpentEth":0,"staleTicks":0,"logsApplied":1,"touchedPools":1,"block":510474119,"fb":0,"syncMs":62,"searchMs":0,"totalMs":62,"pools":83,"msg":"heartbeat"}
{"level":30,"time":1790806237161,"pid":15945,"hostname":"vm","ticks":70,"gross":10,"net":0,"simulated":0,"simOk":0,"sent":0,"landed":0,"failed":0,"profitEth":0,"gasSpentEth":0,"staleTicks":0,"logsApplied":1,"touchedPools":1,"block":510474129,"fb":0,"syncMs":92,"searchMs":0,"totalMs":92,"pools":83,"msg":"heartbeat"}
{"level":30,"time":1790806239948,"pid":15945,"hostname":"vm","ticks":80,"gross":10,"net":0,"simulated":0,"simOk":0,"sent":0,"landed":0,"failed":0,"profitEth":0,"gasSpentEth":0,"staleTicks":0,"logsApplied":1,"touchedPools":1,"block":510474139,"fb":0,"syncMs":85,"searchMs":0,"totalMs":85,"pools":83,"msg":"heartbeat"}
{"level":30,"time":1790806243201,"pid":15945,"hostname":"vm","ticks":90,"gross":10,"net":0,"simulated":0,"simOk":0,"sent":0,"landed":0,"failed":0,"profitEth":0,"gasSpentEth":0,"staleTicks":0,"logsApplied":1,"touchedPools":1,"block":510474149,"fb":0,"syncMs":56,"searchMs":0,"totalMs":56,"pools":83,"msg":"heartbeat"}
{"level":30,"time":1790806246208,"pid":15945,"hostname":"vm","ticks":100,"gross":10,"net":0,"simulated":0,"simOk":0,"sent":0,"landed":0,"failed":0,"profitEth":0,"gasSpentEth":0,"staleTicks":0,"logsApplied":1,"touchedPools":1,"block":510474159,"fb":0,"syncMs":76,"searchMs":0,"totalMs":76,"pools":83,"msg":"heartbeat"}
{"level":30,"time":1790806249122,"pid":15945,"hostname":"vm","ticks":110,"gross":10,"net":0,"simulated":0,"simOk":0,"sent":0,"landed":0,"failed":0,"profitEth":0,"gasSpentEth":0,"staleTicks":0,"logsApplied":1,"touchedPools":1,"block":510474169,"fb":0,"syncMs":75,"searchMs":0,"totalMs":75,"pools":83,"msg":"heartbeat"}
{"level":30,"time":1790806251693,"pid":15945,"hostname":"vm","ticks":120,"gross":10,"net":0,"simulated":0,"simOk":0,"sent":0,"landed":0,"failed":0,"profitEth":0,"gasSpentEth":0,"staleTicks":0,"logsApplied":1,"touchedPools":1,"block":510474179,"fb":0,"syncMs":59,"searchMs":0,"totalMs":59,"pools":83,"msg":"heartbeat"}
{"level":30,"time":1790806254718,"pid":15945,"hostname":"vm","ticks":130,"gross":10,"net":0,"simulated":0,"simOk":0,"sent":0,"landed":0,"failed":0,"profitEth":0,"gasSpentEth":0,"staleTicks":0,"logsApplied":1,"touchedPools":1,"block":510474189,"fb":0,"syncMs":63,"searchMs":0,"totalMs":63,"pools":83,"msg":"heartbeat"}
{"level":30,"time":1790806257576,"pid":15945,"hostname":"vm","ticks":140,"gross":18,"net":0,"simulated":0,"simOk":0,"sent":0,"landed":0,"failed":0,"profitEth":0,"gasSpentEth":0,"staleTicks":0,"logsApplied":7,"touchedPools":6,"block":510474199,"fb":0,"syncMs":60,"searchMs":0,"totalMs":60,"pools":83,"msg":"heartbeat"}
{"level":30,"time":1790806260752,"pid":15945,"hostname":"vm","ticks":150,"gross":18,"net":0,"simulated":0,"simOk":0,"sent":0,"landed":0,"failed":0,"profitEth":0,"gasSpentEth":0,"staleTicks":0,"logsApplied":13,"touchedPools":11,"block":510474209,"fb":0,"syncMs":60,"searchMs":0,"totalMs":60,"pools":83,"msg":"heartbeat"}
{"level":30,"time":1790806263449,"pid":15945,"hostname":"vm","ticks":160,"gross":18,"net":0,"simulated":0,"simOk":0,"sent":0,"landed":0,"failed":0,"profitEth":0,"gasSpentEth":0,"staleTicks":0,"logsApplied":13,"touchedPools":11,"block":510474219,"fb":0,"syncMs":57,"searchMs":0,"totalMs":57,"pools":83,"msg":"heartbeat"}
{"level":30,"time":1790806266495,"pid":15945,"hostname":"vm","ticks":170,"gross":18,"net":0,"simulated":0,"simOk":0,"sent":0,"landed":0,"failed":0,"profitEth":0,"gasSpentEth":0,"staleTicks":0,"logsApplied":13,"touchedPools":11,"block":510474229,"fb":0,"syncMs":73,"searchMs":0,"totalMs":73,"pools":83,"msg":"heartbeat"}
{"level":30,"time":1790806269338,"pid":15945,"hostname":"vm","ticks":180,"gross":18,"net":0,"simulated":0,"simOk":0,"sent":0,"landed":0,"failed":0,"profitEth":0,"gasSpentEth":0,"staleTicks":0,"logsApplied":13,"touchedPools":11,"block":510474239,"fb":0,"syncMs":54,"searchMs":0,"totalMs":54,"pools":83,"msg":"heartbeat"}
{"level":30,"time":1790806272540,"pid":15945,"hostname":"vm","ticks":190,"gross":18,"net":0,"simulated":0,"simOk":0,"sent":0,"landed":0,"failed":0,"profitEth":0,"gasSpentEth":0,"staleTicks":0,"logsApplied":13,"touchedPools":11,"block":510474249,"fb":0,"syncMs":57,"searchMs":0,"totalMs":57,"pools":83,"msg":"heartbeat"}
{"level":30,"time":1790806275561,"pid":15945,"hostname":"vm","ticks":200,"gross":18,"net":0,"simulated":0,"simOk":0,"sent":0,"landed":0,"failed":0,"profitEth":0,"gasSpentEth":0,"staleTicks":0,"logsApplied":13,"touchedPools":11,"block":510474259,"fb":0,"syncMs":56,"searchMs":0,"totalMs":56,"pools":83,"msg":"heartbeat"}
{"level":30,"time":1790806278445,"pid":15945,"hostname":"vm","ticks":210,"gross":18,"net":0,"simulated":0,"simOk":0,"sent":0,"landed":0,"failed":0,"profitEth":0,"gasSpentEth":0,"staleTicks":0,"logsApplied":14,"touchedPools":12,"block":510474269,"fb":0,"syncMs":75,"searchMs":0,"totalMs":75,"pools":83,"msg":"heartbeat"}
{"level":30,"time":1790806281437,"pid":15945,"hostname":"vm","ticks":220,"gross":18,"net":0,"simulated":0,"simOk":0,"sent":0,"landed":0,"failed":0,"profitEth":0,"gasSpentEth":0,"staleTicks":0,"logsApplied":14,"touchedPools":12,"block":510474279,"fb":0,"syncMs":56,"searchMs":0,"totalMs":56,"pools":83,"msg":"heartbeat"}
{"level":30,"time":1790806284297,"pid":15945,"hostname":"vm","ticks":230,"gross":18,"net":0,"simulated":0,"simOk":0,"sent":0,"landed":0,"failed":0,"profitEth":0,"gasSpentEth":0,"staleTicks":0,"logsApplied":14,"touchedPools":12,"block":510474289,"fb":0,"syncMs":163,"searchMs":0,"totalMs":163,"pools":83,"msg":"heartbeat"}
{"level":30,"time":1790806287114,"pid":15945,"hostname":"vm","ticks":240,"gross":18,"net":0,"simulated":0,"simOk":0,"sent":0,"landed":0,"failed":0,"profitEth":0,"gasSpentEth":0,"staleTicks":0,"logsApplied":14,"touchedPools":12,"block":510474299,"fb":0,"syncMs":88,"searchMs":0,"totalMs":88,"pools":83,"msg":"heartbeat"}
{"level":30,"time":1790806290214,"pid":15945,"hostname":"vm","ticks":250,"gross":18,"net":0,"simulated":0,"simOk":0,"sent":0,"landed":0,"failed":0,"profitEth":0,"gasSpentEth":0,"staleTicks":0,"logsApplied":14,"touchedPools":12,"block":510474309,"fb":0,"syncMs":94,"searchMs":0,"totalMs":94,"pools":83,"msg":"heartbeat"}
{"level":30,"time":1790806292884,"pid":15945,"hostname":"vm","ticks":260,"gross":18,"net":0,"simulated":0,"simOk":0,"sent":0,"landed":0,"failed":0,"profitEth":0,"gasSpentEth":0,"staleTicks":0,"logsApplied":14,"touchedPools":12,"block":510474319,"fb":0,"syncMs":56,"searchMs":0,"totalMs":56,"pools":83,"msg":"heartbeat"}
{"level":30,"time":1790806296290,"pid":15945,"hostname":"vm","ticks":270,"gross":18,"net":0,"simulated":0,"simOk":0,"sent":0,"landed":0,"failed":0,"profitEth":0,"gasSpentEth":0,"staleTicks":0,"logsApplied":14,"touchedPools":12,"block":510474329,"fb":0,"syncMs":59,"searchMs":0,"totalMs":59,"pools":83,"msg":"heartbeat"}
{"level":30,"time":1790806299850,"pid":15945,"hostname":"vm","ticks":280,"gross":18,"net":0,"simulated":0,"simOk":0,"sent":0,"landed":0,"failed":0,"profitEth":0,"gasSpentEth":0,"staleTicks":0,"logsApplied":14,"touchedPools":12,"block":510474339,"fb":0,"syncMs":56,"searchMs":0,"totalMs":56,"pools":83,"msg":"heartbeat"}
{"level":30,"time":1790806302477,"pid":15945,"hostname":"vm","ticks":290,"gross":18,"net":0,"simulated":0,"simOk":0,"sent":0,"landed":0,"failed":0,"profitEth":0,"gasSpentEth":0,"staleTicks":0,"logsApplied":14,"touchedPools":12,"block":510474349,"fb":0,"syncMs":57,"searchMs":0,"totalMs":57,"pools":83,"msg":"heartbeat"}
{"level":30,"time":1790806305823,"pid":15945,"hostname":"vm","ticks":300,"gross":18,"net":0,"simulated":0,"simOk":0,"sent":0,"landed":0,"failed":0,"profitEth":0,"gasSpentEth":0,"staleTicks":0,"logsApplied":14,"touchedPools":12,"block":510474359,"fb":0,"syncMs":86,"searchMs":0,"totalMs":86,"pools":83,"msg":"heartbeat"}
{"level":30,"time":1790806311014,"pid":15945,"hostname":"vm","ticks":310,"gross":22,"net":0,"simulated":0,"simOk":0,"sent":0,"landed":0,"failed":0,"profitEth":0,"gasSpentEth":0,"staleTicks":0,"logsApplied":14,"touchedPools":12,"block":510474376,"fb":0,"syncMs":75,"searchMs":0,"totalMs":75,"pools":83,"msg":"heartbeat"}
{"level":30,"time":1790806313575,"pid":15945,"hostname":"vm","ticks":320,"gross":22,"net":0,"simulated":0,"simOk":0,"sent":0,"landed":0,"failed":0,"profitEth":0,"gasSpentEth":0,"staleTicks":0,"logsApplied":14,"touchedPools":12,"block":510474386,"fb":0,"syncMs":73,"searchMs":0,"totalMs":73,"pools":83,"msg":"heartbeat"}
{"level":30,"time":1790806316811,"pid":15945,"hostname":"vm","ticks":330,"gross":22,"net":0,"simulated":0,"simOk":0,"sent":0,"landed":0,"failed":0,"profitEth":0,"gasSpentEth":0,"staleTicks":0,"logsApplied":14,"touchedPools":12,"block":510474396,"fb":0,"syncMs":58,"searchMs":0,"totalMs":58,"pools":83,"msg":"heartbeat"}
{"level":30,"time":1790806320420,"pid":15945,"hostname":"vm","ticks":340,"gross":22,"net":0,"simulated":0,"simOk":0,"sent":0,"landed":0,"failed":0,"profitEth":0,"gasSpentEth":0,"staleTicks":0,"logsApplied":14,"touchedPools":12,"block":510474406,"fb":0,"syncMs":56,"searchMs":0,"totalMs":56,"pools":83,"msg":"heartbeat"}
{"level":30,"time":1790806323250,"pid":15945,"hostname":"vm","ticks":350,"gross":22,"net":0,"simulated":0,"simOk":0,"sent":0,"landed":0,"failed":0,"profitEth":0,"gasSpentEth":0,"staleTicks":0,"logsApplied":14,"touchedPools":12,"block":510474416,"fb":0,"syncMs":59,"searchMs":0,"totalMs":59,"pools":83,"msg":"heartbeat"}
{"level":30,"time":1790806326722,"pid":15945,"hostname":"vm","ticks":360,"gross":22,"net":0,"simulated":0,"simOk":0,"sent":0,"landed":0,"failed":0,"profitEth":0,"gasSpentEth":0,"staleTicks":0,"logsApplied":14,"touchedPools":12,"block":510474426,"fb":0,"syncMs":62,"searchMs":0,"totalMs":62,"pools":83,"msg":"heartbeat"}
{"level":30,"time":1790806329780,"pid":15945,"hostname":"vm","ticks":370,"gross":22,"net":0,"simulated":0,"simOk":0,"sent":0,"landed":0,"failed":0,"profitEth":0,"gasSpentEth":0,"staleTicks":0,"logsApplied":14,"touchedPools":12,"block":510474436,"fb":0,"syncMs":56,"searchMs":0,"totalMs":56,"pools":83,"msg":"heartbeat"}
{"level":30,"time":1790806332378,"pid":15945,"hostname":"vm","ticks":380,"gross":22,"net":0,"simulated":0,"simOk":0,"sent":0,"landed":0,"failed":0,"profitEth":0,"gasSpentEth":0,"staleTicks":0,"logsApplied":15,"touchedPools":13,"block":510474446,"fb":0,"syncMs":58,"searchMs":0,"totalMs":58,"pools":83,"msg":"heartbeat"}
{"level":30,"time":1790806335644,"pid":15945,"hostname":"vm","ticks":390,"gross":22,"net":0,"simulated":0,"simOk":0,"sent":0,"landed":0,"failed":0,"profitEth":0,"gasSpentEth":0,"staleTicks":0,"logsApplied":15,"touchedPools":13,"block":510474456,"fb":0,"syncMs":59,"searchMs":0,"totalMs":59,"pools":83,"msg":"heartbeat"}
{"level":30,"time":1790806338784,"pid":15945,"hostname":"vm","ticks":400,"gross":22,"net":0,"simulated":0,"simOk":0,"sent":0,"landed":0,"failed":0,"profitEth":0,"gasSpentEth":0,"staleTicks":0,"logsApplied":15,"touchedPools":13,"block":510474466,"fb":0,"syncMs":56,"searchMs":0,"totalMs":56,"pools":83,"msg":"heartbeat"}

[exit-flush] SIGINT received at 2026-09-30T22:12:20.223Z; flushing for 5 s then exiting 130
{"level":30,"time":1790806340224,"pid":15945,"hostname":"vm","ticks":405,"gross":22,"net":0,"simulated":0,"simOk":0,"sent":0,"landed":0,"failed":0,"profitEth":0,"gasSpentEth":0,"staleTicks":0,"logsApplied":15,"touchedPools":13,"msg":"shutting down"}
{"level":30,"time":1790806341569,"pid":15945,"hostname":"vm","ticks":410,"gross":22,"net":0,"simulated":0,"simOk":0,"sent":0,"landed":0,"failed":0,"profitEth":0,"gasSpentEth":0,"staleTicks":0,"logsApplied":15,"touchedPools":13,"block":510474476,"fb":0,"syncMs":57,"searchMs":0,"totalMs":57,"pools":83,"msg":"heartbeat"}
{"level":30,"time":1790806344487,"pid":15945,"hostname":"vm","ticks":420,"gross":22,"net":0,"simulated":0,"simOk":0,"sent":0,"landed":0,"failed":0,"profitEth":0,"gasSpentEth":0,"staleTicks":0,"logsApplied":15,"touchedPools":13,"block":510474486,"fb":0,"syncMs":71,"searchMs":0,"totalMs":71,"pools":83,"msg":"heartbeat"}
