2026-10-01T04:41:16Z pinned head 52007824 (--head)
2026-10-01T04:41:16Z 0xd78ad95fa46c994b6551d0da85fc275fe613ce37657fb8d5e3d130840159d822 already verified, kept
2026-10-01T04:41:16Z 0xc42079f94a6350d7e6235f29174924f928cc2ac818eb64fed8004e115fbcca67 already verified, kept
2026-10-01T04:41:16Z 0x19b47279256b2a23a1665c810c8d55a1758940ee09377d4f8d26497a3577dc83 already verified, kept
2026-10-01T04:41:16Z 0xb3e2773606abfd36b5bd91394b3a54d1398336c65005baf7bf7a05efeffaf75b already verified, kept
2026-10-01T04:41:16Z 0x40e9cecb9f5f1f1c5b9c97dec2917b7ee92e57ba5563708daca94dd84ad7112f already verified, kept
2026-10-01T04:41:16Z 0x2170c741c41531aec20e7c107c24eecfdd15e69c9bb0a8dd37b1840b9e0b207b already verified, kept
2026-10-01T04:41:16Z 0x0874b2d545cb271cdbda4e093020c452328b24af12382ed62c4d00f5c26709db already verified, kept
2026-10-01T04:41:16Z 0x8b3e96f2b889fa771c53c981b40daf005f63f637f1869f707052d15a3dd97140 already verified, kept
2026-10-01T04:41:16Z 0xb2e76ae99761dc136e598d4a629bb347eccb9532a5f8bbd72e18467c3c34cc98 already verified, kept
2026-10-01T04:41:16Z 0x143f1f8e861fbdeddd5b46e844b7d3ac7b86a122f36e8c463859ee6811b1f29c already verified, kept
2026-10-01T04:41:35Z 0xd013ca23e77a65003c2c659c5442c00c805371b7fc1ebd4c206c41d1536bd90b TokenExchangeUnderlying(address,int128,uint256,int128,uint256) no log found; blockscout windows searched: 52006825-52007824, 51991825-52007824, 51507825-52007824, 42007825-52007824
2026-10-01T04:41:35Z 0x103ed084e94a44c8f5f6ba8e3011507c41063177e29949083c439777d8d63f60 already verified, kept
2026-10-01T04:41:35Z 0x3b841dc9ab51e3104bda4f61b41e4271192d22cd19da5ee6e292dc8e2744f713 already verified, kept
2026-10-01T04:41:35Z 0xad7d6f97abf51ce18e17a38f4d70e975be9c0708474987bb3e26ad21bd93ca70 already verified, kept
2026-10-01T04:41:35Z 0xc2c0245e056d5fb095f04cd6373bc770802ebd1e6c918eb78fdef843cdb37b0f already verified, kept
2026-10-01T04:41:35Z 0x0e8e403c2d36126272b08c75823e988381d9dc47f2f0a9a080d95f891d95c469 already verified, kept
2026-10-01T04:41:35Z 0xdc004dbca4ef9c966218431ee5d9133d337ad018dd5b5c5493722803f75c64f7 already verified, kept
2026-10-01T04:41:35Z 0x121cb44ee54098b1a04743c487e7460d8dd429b27f88b1f4d4767396e1a59f79 already verified, kept
2026-10-01T04:41:42Z 0x0fe977d619f8172f7fdbe8bb8928ef80952817d96936509f67d66346bc4cd10f Swap(address,address,uint24,bool,uint256,uint256,int24) 0xa36abbf2414ccdf99bc33d0ea0accd3ab1f696b1fe0fd278dcafd5da5a16ec36
2026-10-01T04:41:42Z 0x95f3b01351225fea0e69a46f68b164c9dea10284f12cd4a907ce66510ab7af6a already verified, kept
2026-10-01T04:41:42Z 0x365f10e9e7ce45d7acfd986c42e0b666f8af282e440e6dafc78c1f2b2f786760 already verified, kept
2026-10-01T04:42:00Z 0x29872dc2e2809dc7d8459fd64fb6e18706672460bb269dfc6d855d6560d29bb6 Swap(address,uint256,uint256,uint256,uint256,address,address) no log found; blockscout windows searched: 52006825-52007824, 51991825-52007824, 51507825-52007824, 42007825-52007824
2026-10-01T04:42:00Z 0x04206ad2b7c0f463bff3dd4f33c5735b0f2957a351e4f79763a4fa9e775dd237 already verified, kept
2026-10-01T04:42:03Z blockscout retry 0xefce4460 52006825 52007824 http 429
2026-10-01T04:42:11Z blockscout retry 0xefce4460 52006825 52007824 http 429
2026-10-01T04:42:24Z blockscout retry 0xefce4460 52006825 52007824 http 429
2026-10-01T04:42:47Z blockscout retry 0xefce4460 52006825 52007824 http 429
2026-10-01T04:43:30Z blockscout retry 0xefce4460 52006825 52007824 http 429
2026-10-01T04:44:54Z blockscout retry 0xefce4460 52006825 52007824 http 429
2026-10-01T04:45:52Z pinned head 52007824 (--head)
2026-10-01T04:45:52Z 0xd78ad95fa46c994b6551d0da85fc275fe613ce37657fb8d5e3d130840159d822 already done (verified, or all windows searched), kept
2026-10-01T04:45:52Z 0xc42079f94a6350d7e6235f29174924f928cc2ac818eb64fed8004e115fbcca67 already done (verified, or all windows searched), kept
2026-10-01T04:45:52Z 0x19b47279256b2a23a1665c810c8d55a1758940ee09377d4f8d26497a3577dc83 already done (verified, or all windows searched), kept
2026-10-01T04:45:52Z 0xb3e2773606abfd36b5bd91394b3a54d1398336c65005baf7bf7a05efeffaf75b already done (verified, or all windows searched), kept
2026-10-01T04:45:52Z 0x40e9cecb9f5f1f1c5b9c97dec2917b7ee92e57ba5563708daca94dd84ad7112f already done (verified, or all windows searched), kept
2026-10-01T04:45:52Z 0x2170c741c41531aec20e7c107c24eecfdd15e69c9bb0a8dd37b1840b9e0b207b already done (verified, or all windows searched), kept
2026-10-01T04:45:52Z 0x0874b2d545cb271cdbda4e093020c452328b24af12382ed62c4d00f5c26709db already done (verified, or all windows searched), kept
2026-10-01T04:45:52Z 0x8b3e96f2b889fa771c53c981b40daf005f63f637f1869f707052d15a3dd97140 already done (verified, or all windows searched), kept
2026-10-01T04:45:52Z 0xb2e76ae99761dc136e598d4a629bb347eccb9532a5f8bbd72e18467c3c34cc98 already done (verified, or all windows searched), kept
2026-10-01T04:45:52Z 0x143f1f8e861fbdeddd5b46e844b7d3ac7b86a122f36e8c463859ee6811b1f29c already done (verified, or all windows searched), kept
2026-10-01T04:45:52Z 0xd013ca23e77a65003c2c659c5442c00c805371b7fc1ebd4c206c41d1536bd90b already done (verified, or all windows searched), kept
2026-10-01T04:45:52Z 0x103ed084e94a44c8f5f6ba8e3011507c41063177e29949083c439777d8d63f60 already done (verified, or all windows searched), kept
2026-10-01T04:45:52Z 0x3b841dc9ab51e3104bda4f61b41e4271192d22cd19da5ee6e292dc8e2744f713 already done (verified, or all windows searched), kept
2026-10-01T04:45:52Z 0xad7d6f97abf51ce18e17a38f4d70e975be9c0708474987bb3e26ad21bd93ca70 already done (verified, or all windows searched), kept
2026-10-01T04:45:52Z 0xc2c0245e056d5fb095f04cd6373bc770802ebd1e6c918eb78fdef843cdb37b0f already done (verified, or all windows searched), kept
2026-10-01T04:45:52Z 0x0e8e403c2d36126272b08c75823e988381d9dc47f2f0a9a080d95f891d95c469 already done (verified, or all windows searched), kept
2026-10-01T04:45:52Z 0xdc004dbca4ef9c966218431ee5d9133d337ad018dd5b5c5493722803f75c64f7 already done (verified, or all windows searched), kept
2026-10-01T04:45:52Z 0x121cb44ee54098b1a04743c487e7460d8dd429b27f88b1f4d4767396e1a59f79 already done (verified, or all windows searched), kept
2026-10-01T04:45:52Z 0x0fe977d619f8172f7fdbe8bb8928ef80952817d96936509f67d66346bc4cd10f already done (verified, or all windows searched), kept
2026-10-01T04:45:52Z 0x95f3b01351225fea0e69a46f68b164c9dea10284f12cd4a907ce66510ab7af6a already done (verified, or all windows searched), kept
2026-10-01T04:45:52Z 0x365f10e9e7ce45d7acfd986c42e0b666f8af282e440e6dafc78c1f2b2f786760 already done (verified, or all windows searched), kept
2026-10-01T04:45:52Z 0x29872dc2e2809dc7d8459fd64fb6e18706672460bb269dfc6d855d6560d29bb6 already done (verified, or all windows searched), kept
2026-10-01T04:45:52Z 0x04206ad2b7c0f463bff3dd4f33c5735b0f2957a351e4f79763a4fa9e775dd237 already done (verified, or all windows searched), kept
2026-10-01T04:46:11Z 0xefce44603748d0427b3ebdff9018999a004811d9cfe45e6bbf7357b2547bae50 Swap(bytes32,address,uint24,bytes32,uint24,uint16) no log found; blockscout windows searched: 52006825-52007824, 51991825-52007824, 51507825-52007824, 42007825-52007824
2026-10-01T04:46:40Z blockscout 429 0x4be05c8d 51507825 52007824 x-ratelimit-limit 10 x-ratelimit-reset_ms 799631 waiting 805 s (rate-limit wait 1/8)
2026-10-01T05:02:08Z blockscout retry 0x4be05c8d 51507825 52007824 HTTPSConnectionPool(host='base.blockscout.com', port=443): Read timed out. (read timeout=120)
2026-10-01T05:04:16Z blockscout retry 0x4be05c8d 51507825 52007824 HTTPSConnectionPool(host='base.blockscout.com', port=443): Read timed out. (read timeout=120)
2026-10-01T05:06:30Z blockscout retry 0x4be05c8d 51507825 52007824 HTTPSConnectionPool(host='base.blockscout.com', port=443): Read timed out. (read timeout=120)
2026-10-01T05:08:53Z blockscout retry 0x4be05c8d 51507825 52007824 HTTPSConnectionPool(host='base.blockscout.com', port=443): Read timed out. (read timeout=120)
2026-10-01T05:11:37Z blockscout retry 0x4be05c8d 51507825 52007824 HTTPSConnectionPool(host='base.blockscout.com', port=443): Read timed out. (read timeout=120)
2026-10-01T05:15:00Z blockscout retry 0x4be05c8d 51507825 52007824 HTTPSConnectionPool(host='base.blockscout.com', port=443): Read timed out. (read timeout=120)
2026-10-01T05:16:53Z 0x4be05c8d54f5e056ab2cfa033e9f582057001268c3e28561bb999d35d2c8f2c8 Swapped(address,address,address,uint256,uint256,bytes) no log found; blockscout windows searched: 52006825-52007824, 51991825-52007824, 42007825-52007824; failed: 51507825-52007824 failed
2026-10-01T05:17:17Z 0xa4228e1eb11eb9b31069d9ed20e7af9a010ca1a02d4855cee54e08e188fcc32c Swap(address,address,int256,int256) 0x3081b246b4f9e204eb5bbc3ad84d3c92388ab9b99eea9ca37db505c66847e588
2026-10-01T05:17:17Z wrote /home/user/dapparb/research-material/05-base-onchain/swap-topics.csv pinned head 52007824
# 2026-10-01T05:17:26Z re-run 3 (retry of the row with a failed window)
2026-10-01T05:17:27Z pinned head 52007824 (--head)
2026-10-01T05:17:27Z 0xd78ad95fa46c994b6551d0da85fc275fe613ce37657fb8d5e3d130840159d822 already done (verified, or all windows searched), kept
2026-10-01T05:17:27Z 0xc42079f94a6350d7e6235f29174924f928cc2ac818eb64fed8004e115fbcca67 already done (verified, or all windows searched), kept
2026-10-01T05:17:27Z 0x19b47279256b2a23a1665c810c8d55a1758940ee09377d4f8d26497a3577dc83 already done (verified, or all windows searched), kept
2026-10-01T05:17:27Z 0xb3e2773606abfd36b5bd91394b3a54d1398336c65005baf7bf7a05efeffaf75b already done (verified, or all windows searched), kept
2026-10-01T05:17:27Z 0x40e9cecb9f5f1f1c5b9c97dec2917b7ee92e57ba5563708daca94dd84ad7112f already done (verified, or all windows searched), kept
2026-10-01T05:17:27Z 0x2170c741c41531aec20e7c107c24eecfdd15e69c9bb0a8dd37b1840b9e0b207b already done (verified, or all windows searched), kept
2026-10-01T05:17:27Z 0x0874b2d545cb271cdbda4e093020c452328b24af12382ed62c4d00f5c26709db already done (verified, or all windows searched), kept
2026-10-01T05:17:27Z 0x8b3e96f2b889fa771c53c981b40daf005f63f637f1869f707052d15a3dd97140 already done (verified, or all windows searched), kept
2026-10-01T05:17:27Z 0xb2e76ae99761dc136e598d4a629bb347eccb9532a5f8bbd72e18467c3c34cc98 already done (verified, or all windows searched), kept
2026-10-01T05:17:27Z 0x143f1f8e861fbdeddd5b46e844b7d3ac7b86a122f36e8c463859ee6811b1f29c already done (verified, or all windows searched), kept
2026-10-01T05:17:27Z 0xd013ca23e77a65003c2c659c5442c00c805371b7fc1ebd4c206c41d1536bd90b already done (verified, or all windows searched), kept
2026-10-01T05:17:27Z 0x103ed084e94a44c8f5f6ba8e3011507c41063177e29949083c439777d8d63f60 already done (verified, or all windows searched), kept
2026-10-01T05:17:27Z 0x3b841dc9ab51e3104bda4f61b41e4271192d22cd19da5ee6e292dc8e2744f713 already done (verified, or all windows searched), kept
2026-10-01T05:17:27Z 0xad7d6f97abf51ce18e17a38f4d70e975be9c0708474987bb3e26ad21bd93ca70 already done (verified, or all windows searched), kept
2026-10-01T05:17:27Z 0xc2c0245e056d5fb095f04cd6373bc770802ebd1e6c918eb78fdef843cdb37b0f already done (verified, or all windows searched), kept
2026-10-01T05:17:27Z 0x0e8e403c2d36126272b08c75823e988381d9dc47f2f0a9a080d95f891d95c469 already done (verified, or all windows searched), kept
2026-10-01T05:17:27Z 0xdc004dbca4ef9c966218431ee5d9133d337ad018dd5b5c5493722803f75c64f7 already done (verified, or all windows searched), kept
2026-10-01T05:17:27Z 0x121cb44ee54098b1a04743c487e7460d8dd429b27f88b1f4d4767396e1a59f79 already done (verified, or all windows searched), kept
2026-10-01T05:17:27Z 0x0fe977d619f8172f7fdbe8bb8928ef80952817d96936509f67d66346bc4cd10f already done (verified, or all windows searched), kept
2026-10-01T05:17:27Z 0x95f3b01351225fea0e69a46f68b164c9dea10284f12cd4a907ce66510ab7af6a already done (verified, or all windows searched), kept
2026-10-01T05:17:27Z 0x365f10e9e7ce45d7acfd986c42e0b666f8af282e440e6dafc78c1f2b2f786760 already done (verified, or all windows searched), kept
2026-10-01T05:17:27Z 0x29872dc2e2809dc7d8459fd64fb6e18706672460bb269dfc6d855d6560d29bb6 already done (verified, or all windows searched), kept
2026-10-01T05:17:27Z 0x04206ad2b7c0f463bff3dd4f33c5735b0f2957a351e4f79763a4fa9e775dd237 already done (verified, or all windows searched), kept
2026-10-01T05:17:27Z 0xefce44603748d0427b3ebdff9018999a004811d9cfe45e6bbf7357b2547bae50 already done (verified, or all windows searched), kept
2026-10-01T05:19:40Z blockscout retry 0x4be05c8d 51507825 52007824 HTTPSConnectionPool(host='base.blockscout.com', port=443): Read timed out. (read timeout=120)
2026-10-01T05:21:49Z blockscout retry 0x4be05c8d 51507825 52007824 HTTPSConnectionPool(host='base.blockscout.com', port=443): Read timed out. (read timeout=120)
2026-10-01T05:24:02Z blockscout retry 0x4be05c8d 51507825 52007824 HTTPSConnectionPool(host='base.blockscout.com', port=443): Read timed out. (read timeout=120)
2026-10-01T05:26:26Z blockscout retry 0x4be05c8d 51507825 52007824 HTTPSConnectionPool(host='base.blockscout.com', port=443): Read timed out. (read timeout=120)
2026-10-01T05:29:09Z blockscout retry 0x4be05c8d 51507825 52007824 HTTPSConnectionPool(host='base.blockscout.com', port=443): Read timed out. (read timeout=120)
2026-10-01T05:32:32Z blockscout retry 0x4be05c8d 51507825 52007824 HTTPSConnectionPool(host='base.blockscout.com', port=443): Read timed out. (read timeout=120)
2026-10-01T05:34:26Z 0x4be05c8d54f5e056ab2cfa033e9f582057001268c3e28561bb999d35d2c8f2c8 Swapped(address,address,address,uint256,uint256,bytes) no log found; blockscout windows searched: 52006825-52007824, 51991825-52007824, 42007825-52007824; failed: 51507825-52007824 failed
2026-10-01T05:34:26Z 0xa4228e1eb11eb9b31069d9ed20e7af9a010ca1a02d4855cee54e08e188fcc32c already done (verified, or all windows searched), kept
2026-10-01T05:34:26Z wrote /home/user/dapparb/research-material/05-base-onchain/swap-topics.csv pinned head 52007824
