2026-09-30T21:50:36Z pinned head 52007824
2026-09-30T21:50:43Z 0xd78ad95fa46c994b6551d0da85fc275fe613ce37657fb8d5e3d130840159d822 Swap(address,uint256,uint256,uint256,uint256,address) 0x0df3c9695f2abdc7d973379eafc50e26ddbcd1e3980f34d81505b296a5c77e09
2026-09-30T21:50:47Z 0xc42079f94a6350d7e6235f29174924f928cc2ac818eb64fed8004e115fbcca67 Swap(address,address,int256,int256,uint160,uint128,int24) 0xda9f3623c7ba4f0b141d7313909f47418e62cca3068107335b9853cbdc64706e
2026-09-30T21:50:52Z 0x19b47279256b2a23a1665c810c8d55a1758940ee09377d4f8d26497a3577dc83 Swap(address,address,int256,int256,uint160,uint128,int24,uint128,uint128) 0xd0a0592efe8870cec9f52a3e1917bed44581c0e3644fd2070436ce2275d804c0
2026-09-30T21:50:58Z 0xb3e2773606abfd36b5bd91394b3a54d1398336c65005baf7bf7a05efeffaf75b Swap(address,address,uint256,uint256,uint256,uint256) 0x96a04f389806d0d4b28d6e23b150d0ea4324b1e8aed2b6a120fd8480b15e960f
2026-09-30T21:51:02Z 0x40e9cecb9f5f1f1c5b9c97dec2917b7ee92e57ba5563708daca94dd84ad7112f Swap(bytes32,address,int128,int128,uint160,uint128,int24,uint24) 0xe85c55e5336b58b519e597459b17f7fb16fc8aee7328de3ed4753a016197b8c3
2026-09-30T21:51:13Z 0x2170c741c41531aec20e7c107c24eecfdd15e69c9bb0a8dd37b1840b9e0b207b Swap(bytes32,address,address,uint256,uint256) 0x31fa786d86f5392b43202772f0b1bc71ffe29abe4fa70f8fe1d4e9326343e04f
2026-09-30T21:51:26Z 0x0874b2d545cb271cdbda4e093020c452328b24af12382ed62c4d00f5c26709db Swap(address,address,address,uint256,uint256,uint256,uint256) 0x699de7a0799613916f21029ff719cb7d31ab8c15e13d7e12d5c7f74114d79350
2026-09-30T21:51:34Z 0x8b3e96f2b889fa771c53c981b40daf005f63f637f1869f707052d15a3dd97140 TokenExchange(address,int128,uint256,int128,uint256) 0x41ac99f8b68b53a787afa33875fc62bd2431af590d173b3fa59293d1be625342
2026-09-30T21:51:37Z 0xb2e76ae99761dc136e598d4a629bb347eccb9532a5f8bbd72e18467c3c34cc98 TokenExchange(address,uint256,uint256,uint256,uint256) 0xb0f94a9711f4f678c442a3dab9c696c78d2835f9897bd62890ac752ed307b21d
2026-09-30T21:51:41Z 0x143f1f8e861fbdeddd5b46e844b7d3ac7b86a122f36e8c463859ee6811b1f29c TokenExchange(address,uint256,uint256,uint256,uint256,uint256,uint256) 0x5f4f833e6d9ab34747a052d531cec742375f573aed92140cc7b67794b0b8b118
2026-09-30T21:51:44Z blockscout retry 0xd013ca23 52006825 52007824 http 429
2026-09-30T21:51:52Z blockscout retry 0xd013ca23 52006825 52007824 http 429
2026-09-30T21:52:05Z blockscout retry 0xd013ca23 52006825 52007824 http 429
2026-09-30T21:52:29Z blockscout retry 0xd013ca23 52006825 52007824 http 429
2026-09-30T21:53:12Z blockscout retry 0xd013ca23 52006825 52007824 http 429
2026-09-30T21:54:35Z blockscout retry 0xd013ca23 52006825 52007824 http 429
2026-09-30T21:56:08Z blockscout retry 0xd013ca23 51991825 52007824 http 429
2026-09-30T21:56:16Z blockscout retry 0xd013ca23 51991825 52007824 http 429
2026-09-30T21:56:29Z blockscout retry 0xd013ca23 51991825 52007824 http 429
2026-09-30T21:56:52Z blockscout retry 0xd013ca23 51991825 52007824 http 429
2026-09-30T21:57:36Z blockscout retry 0xd013ca23 51991825 52007824 http 429
2026-09-30T21:58:59Z blockscout retry 0xd013ca23 51991825 52007824 http 429
2026-09-30T22:00:39Z 0xd013ca23e77a65003c2c659c5442c00c805371b7fc1ebd4c206c41d1536bd90b TokenExchangeUnderlying(address,int128,uint256,int128,uint256) no log found; blockscout windows searched: 51507825-52007824, 42007825-52007824; failed: 52006825-52007824 failed, 51991825-52007824 failed
2026-09-30T22:00:59Z 0x103ed084e94a44c8f5f6ba8e3011507c41063177e29949083c439777d8d63f60 PoolSwap(address,address,(uint256,bool,bool,int32),uint256,uint256) 0x0ed1b2ad6011b1b2e875e69b7b80c5ab54655c3f25f09e429330938ef6f77bff
2026-09-30T22:01:12Z 0x3b841dc9ab51e3104bda4f61b41e4271192d22cd19da5ee6e292dc8e2744f713 Swap(address,address,bool,bool,uint256,uint256,int32) 0x035f0ac248897c9070ce93f9b53bba2429b60d76643e75fafad50f53a85a2ed2
2026-09-30T22:01:17Z 0xad7d6f97abf51ce18e17a38f4d70e975be9c0708474987bb3e26ad21bd93ca70 Swap(address,address,uint24,bytes32,bytes32,uint24,bytes32,bytes32) 0x7c74a3f5cd4077cf5cb629b736f81559cf4fe99969bca6399e3d601a4d4d5658
2026-09-30T22:01:47Z 0xc2c0245e056d5fb095f04cd6373bc770802ebd1e6c918eb78fdef843cdb37b0f DODOSwap(address,address,uint256,uint256,address,address) 0x09de6808334f7d907848e04a8f6b21d87a81adc5b8fe2e4d3e9728f40a170728
2026-09-30T22:01:53Z 0x0e8e403c2d36126272b08c75823e988381d9dc47f2f0a9a080d95f891d95c469 WooSwap(address,address,uint256,uint256,address,address,address,uint256,uint256) 0x97c6ddbe5ea78c3da4f687e251e09c590fb44d207f9403dfe497ca123356e8f9
2026-09-30T22:01:57Z 0xdc004dbca4ef9c966218431ee5d9133d337ad018dd5b5c5493722803f75c64f7 Swap(bool,uint256,uint256,address) 0xae57cc56bdf6a9cda0c631294beeef8e3b8050b1e374f7a1f96557f09ef633d0
2026-09-30T22:02:12Z 0x121cb44ee54098b1a04743c487e7460d8dd429b27f88b1f4d4767396e1a59f79 Swap(address,address,int256,int256,uint160,uint128,int24,uint24,uint24) 0x3285b5b626b7f46a79286e502ce553f3299f39a8112a997102d953b950920552
2026-09-30T22:02:15Z blockscout retry 0x0fe977d6 52006825 52007824 http 429
2026-09-30T22:02:23Z blockscout retry 0x0fe977d6 52006825 52007824 http 429
2026-09-30T22:02:36Z blockscout retry 0x0fe977d6 52006825 52007824 http 429
2026-09-30T22:02:59Z blockscout retry 0x0fe977d6 52006825 52007824 http 429
2026-09-30T22:03:43Z blockscout retry 0x0fe977d6 52006825 52007824 http 429
2026-09-30T22:05:06Z blockscout retry 0x0fe977d6 52006825 52007824 http 429
2026-09-30T22:06:39Z blockscout retry 0x0fe977d6 51991825 52007824 http 429
2026-09-30T22:06:47Z blockscout retry 0x0fe977d6 51991825 52007824 http 429
2026-09-30T22:07:00Z blockscout retry 0x0fe977d6 51991825 52007824 http 429
2026-09-30T22:07:23Z blockscout retry 0x0fe977d6 51991825 52007824 http 429
2026-09-30T22:08:06Z blockscout retry 0x0fe977d6 51991825 52007824 http 429
2026-09-30T22:09:40Z blockscout retry 0x0fe977d6 51991825 52007824 http 429
2026-09-30T22:11:13Z blockscout retry 0x0fe977d6 51507825 52007824 http 429
2026-09-30T22:11:21Z blockscout retry 0x0fe977d6 51507825 52007824 http 429
2026-09-30T22:11:34Z blockscout retry 0x0fe977d6 51507825 52007824 http 429
2026-09-30T22:11:57Z blockscout retry 0x0fe977d6 51507825 52007824 http 429
2026-09-30T22:12:40Z blockscout retry 0x0fe977d6 51507825 52007824 http 429
2026-09-30T22:14:04Z blockscout retry 0x0fe977d6 51507825 52007824 http 429
2026-09-30T22:15:37Z blockscout retry 0x0fe977d6 42007825 52007824 http 429
2026-09-30T22:15:45Z blockscout retry 0x0fe977d6 42007825 52007824 http 429
2026-09-30T22:15:58Z blockscout retry 0x0fe977d6 42007825 52007824 http 429
2026-09-30T22:16:21Z blockscout retry 0x0fe977d6 42007825 52007824 http 429
2026-09-30T22:18:40Z blockscout retry 0x0fe977d6 42007825 52007824 HTTPSConnectionPool(host='base.blockscout.com', port=443): Max retries exceeded with url: /api?module=logs&action=getLogs&fromBlock=42007825&toBlock=52007824&topic0=0x0fe977d619f8172f7fdbe8bb8928ef80952817d96936509f67d66346bc4cd10f (Caused by ProxyError('Unable to connect to proxy', RemoteDisconnected('Remote end closed connection without response')))
2026-09-30T22:22:04Z blockscout retry 0x0fe977d6 42007825 52007824 HTTPSConnectionPool(host='base.blockscout.com', port=443): Read timed out. (read timeout=120)
2026-09-30T22:23:34Z 0x0fe977d619f8172f7fdbe8bb8928ef80952817d96936509f67d66346bc4cd10f Swap(address,address,uint24,bool,uint256,uint256,int24) no log found; blockscout windows searched: none; failed: 52006825-52007824 failed, 51991825-52007824 failed, 51507825-52007824 failed, 42007825-52007824 failed
2026-09-30T22:23:46Z 0x95f3b01351225fea0e69a46f68b164c9dea10284f12cd4a907ce66510ab7af6a TokensTraded(address,address,address,uint256,uint256,uint128,bool) 0xa6087a6c2af7c9b937817f5c2ee3cef3b4ef5a302ae266f64483f8f67a800b75
2026-09-30T22:23:50Z 0x365f10e9e7ce45d7acfd986c42e0b666f8af282e440e6dafc78c1f2b2f786760 HookSwap(bytes32,address,int128,int128,uint128,uint128) 0xb5fcc9f30f37070497a94d95ed2852def062104934e1ca49005d84e0d7ee3fad
2026-09-30T22:24:08Z 0x29872dc2e2809dc7d8459fd64fb6e18706672460bb269dfc6d855d6560d29bb6 Swap(address,uint256,uint256,uint256,uint256,address,address) no log found; blockscout windows searched: 52006825-52007824, 51991825-52007824, 51507825-52007824, 42007825-52007824
2026-09-30T22:24:18Z 0x04206ad2b7c0f463bff3dd4f33c5735b0f2957a351e4f79763a4fa9e775dd237 Swap(bytes32,address,int128,int128,uint160,uint128,int24,uint24,uint16) 0xb3f9823cf4ae7a6d1e7b179158131af53b2bee145b7f2b13a5da3041dd9ea9dd
2026-09-30T22:24:30Z blockscout retry 0xefce4460 51507825 52007824 http 429
2026-09-30T22:24:38Z blockscout retry 0xefce4460 51507825 52007824 http 429
2026-09-30T22:24:51Z blockscout retry 0xefce4460 51507825 52007824 http 429
2026-09-30T22:25:14Z blockscout retry 0xefce4460 51507825 52007824 http 429
2026-09-30T22:25:57Z blockscout retry 0xefce4460 51507825 52007824 http 429
2026-09-30T22:27:21Z blockscout retry 0xefce4460 51507825 52007824 http 429
2026-09-30T22:28:54Z blockscout retry 0xefce4460 42007825 52007824 http 429
2026-09-30T22:29:02Z blockscout retry 0xefce4460 42007825 52007824 http 429
2026-09-30T22:29:15Z blockscout retry 0xefce4460 42007825 52007824 http 429
2026-09-30T22:29:38Z blockscout retry 0xefce4460 42007825 52007824 http 429
2026-09-30T22:30:21Z blockscout retry 0xefce4460 42007825 52007824 http 429
2026-09-30T22:31:44Z blockscout retry 0xefce4460 42007825 52007824 http 429
2026-09-30T22:33:14Z 0xefce44603748d0427b3ebdff9018999a004811d9cfe45e6bbf7357b2547bae50 Swap(bytes32,address,uint24,bytes32,uint24,uint16) no log found; blockscout windows searched: 52006825-52007824, 51991825-52007824; failed: 51507825-52007824 failed, 42007825-52007824 failed
2026-09-30T22:33:18Z blockscout retry 0x4be05c8d 52006825 52007824 http 429
2026-09-30T22:33:26Z blockscout retry 0x4be05c8d 52006825 52007824 http 429
2026-09-30T22:33:39Z blockscout retry 0x4be05c8d 52006825 52007824 http 429
2026-09-30T22:34:02Z blockscout retry 0x4be05c8d 52006825 52007824 http 429
2026-09-30T22:34:45Z blockscout retry 0x4be05c8d 52006825 52007824 http 429
2026-09-30T22:36:08Z blockscout retry 0x4be05c8d 52006825 52007824 http 429
2026-09-30T22:37:41Z blockscout retry 0x4be05c8d 51991825 52007824 http 429
2026-09-30T22:37:49Z blockscout retry 0x4be05c8d 51991825 52007824 http 429
2026-09-30T22:38:03Z blockscout retry 0x4be05c8d 51991825 52007824 http 429
2026-09-30T22:38:26Z blockscout retry 0x4be05c8d 51991825 52007824 http 429
2026-09-30T22:39:09Z blockscout retry 0x4be05c8d 51991825 52007824 http 429
2026-09-30T22:40:32Z blockscout retry 0x4be05c8d 51991825 52007824 http 429
2026-09-30T22:42:05Z blockscout retry 0x4be05c8d 51507825 52007824 http 429
2026-09-30T22:42:14Z blockscout retry 0x4be05c8d 51507825 52007824 http 429
2026-09-30T22:42:27Z blockscout retry 0x4be05c8d 51507825 52007824 http 429
2026-09-30T22:42:50Z blockscout retry 0x4be05c8d 51507825 52007824 http 429
2026-09-30T22:43:33Z blockscout retry 0x4be05c8d 51507825 52007824 http 429
2026-09-30T22:44:56Z blockscout retry 0x4be05c8d 51507825 52007824 http 429
2026-09-30T22:46:30Z blockscout retry 0x4be05c8d 42007825 52007824 http 429
2026-09-30T22:46:38Z blockscout retry 0x4be05c8d 42007825 52007824 http 429
2026-09-30T22:46:51Z blockscout retry 0x4be05c8d 42007825 52007824 http 429
2026-09-30T22:47:14Z blockscout retry 0x4be05c8d 42007825 52007824 http 429
2026-09-30T22:47:57Z blockscout retry 0x4be05c8d 42007825 52007824 http 429
2026-09-30T22:49:20Z blockscout retry 0x4be05c8d 42007825 52007824 http 429
2026-09-30T22:50:50Z 0x4be05c8d54f5e056ab2cfa033e9f582057001268c3e28561bb999d35d2c8f2c8 Swapped(address,address,address,uint256,uint256,bytes) no log found; blockscout windows searched: none; failed: 52006825-52007824 failed, 51991825-52007824 failed, 51507825-52007824 failed, 42007825-52007824 failed
2026-09-30T22:50:53Z blockscout retry 0xa4228e1e 52006825 52007824 http 429
2026-09-30T22:51:02Z blockscout retry 0xa4228e1e 52006825 52007824 http 429
2026-09-30T22:51:15Z blockscout retry 0xa4228e1e 52006825 52007824 http 429
2026-09-30T22:51:38Z blockscout retry 0xa4228e1e 52006825 52007824 http 429
2026-09-30T22:52:21Z blockscout retry 0xa4228e1e 52006825 52007824 http 429
2026-09-30T22:53:44Z blockscout retry 0xa4228e1e 52006825 52007824 http 429
2026-09-30T22:55:17Z blockscout retry 0xa4228e1e 51991825 52007824 http 429
2026-09-30T22:55:25Z blockscout retry 0xa4228e1e 51991825 52007824 http 429
2026-09-30T22:55:39Z blockscout retry 0xa4228e1e 51991825 52007824 http 429
2026-09-30T22:56:02Z blockscout retry 0xa4228e1e 51991825 52007824 http 429
2026-09-30T22:56:45Z blockscout retry 0xa4228e1e 51991825 52007824 http 429
2026-09-30T22:58:08Z blockscout retry 0xa4228e1e 51991825 52007824 http 429
