[2026-09-30T22:02:25Z] fetch arxiv-2602.15395-wang-et-al-mev-in-binance-builder (arxiv)
warning: The `fitz` API is deprecated and will be removed in future. Use `import pymupdf` instead.
[2026-09-30T22:02:32Z] fetch blocksec-bsc-after-full-pbs (html)
[2026-09-30T22:02:33Z] fetch docs-bnbchain-mev-overview (html)
[2026-09-30T22:02:34Z] fetch docs-bnbchain-mev-user-guide (html)
[2026-09-30T22:02:35Z] fetch arxiv-2603.13830-bsc-meme-token-rug-pull-warning (arxiv)
[2026-09-30T22:02:46Z] fetch arxiv-2604.00234-wang-saraf-heimbach-babel-zhang-blockspace-under-pressure (arxiv)
[2026-09-30T22:02:55Z] fetch arxiv-2506.14768-solmaz-et-al-optimistic-mev-l2s (arxiv)
[2026-09-30T22:03:05Z] fetch arxiv-2506.01462-gogol-schneider-tessone-when-priority-fails (arxiv)
[2026-09-30T22:03:14Z] fetch arxiv-2406.02172-gogol-et-al-cross-rollup-mev (arxiv)
[2026-09-30T22:03:23Z] fetch arxiv-2501.17335-oz-et-al-cross-chain-arbitrage (arxiv)
[2026-09-30T22:03:33Z] fetch arxiv-2511.18328-timeboost-ahead-of-time-auctions (arxiv)
[2026-09-30T22:03:42Z] fetch arxiv-2512.10094-auctioning-time-latency-races (arxiv)
[2026-09-30T22:03:51Z] fetch arxiv-2508.21473-polygon-atomic-arbitrage (arxiv)
[2026-09-30T22:04:01Z] fetch arxiv-2609.28115-no-place-to-hide-protected-order-flow-sandwich (arxiv)
[2026-09-30T22:04:11Z] fetch arxiv-2604.27979-origins-of-mev-arbitrage-opportunity-creation (arxiv)
[2026-09-30T22:04:20Z] fetch arxiv-2602.22032-mazorra-schlegel-mamageishvili-timing-games (arxiv)
[2026-09-30T22:04:29Z] fetch arxiv-2410.19106-zhu-et-al-value-of-revert-protection (arxiv)
[2026-09-30T22:04:38Z] fetch flashbots-mev-and-the-limits-of-scaling (html)
[2026-09-30T22:04:39Z] fetch flashbots-collective-dealing-with-spam-onchain-searching (html)
[2026-09-30T22:04:40Z] fetch docs-optimism-stake-based-priority-ordering (html)
[2026-09-30T22:04:41Z] fetch blog-uniswap-flashblocks-are-live-unichain (html)
[2026-09-30T22:04:42Z] fetch blog-uniswap-rollup-boost-live-on-unichain (html)
[2026-09-30T22:04:43Z] fetch blog-arbitrum-competing-for-transaction-priority (html)
[2026-09-30T22:04:44Z] fetch blog-arbitrum-foundation-new-ordering-mechanism (html)
[2026-09-30T22:04:45Z] fetch docs-arbitrum-timeboost-gentle-introduction (html)
[2026-09-30T22:04:45Z] fetch arbitrum-forum-entropy-advisors-data-dashboards-catalog (discourse)
[2026-09-30T22:04:48Z] fetch docs-base-configuration-changelog (html)
[2026-09-30T22:04:49Z] fetch docs-base-configuration-reference (html)
[2026-09-30T22:04:51Z] fetch docs-base-launch-token (html)
[2026-09-30T22:04:52Z] fetch arxiv-2607.28424-demystifying-solana-bots (arxiv)
[2026-09-30T22:04:59Z] fetch arxiv-2504.18055-failed-transactions-solana (arxiv)
[2026-09-30T22:05:09Z] fetch helius-solana-mev-report (html)
[2026-09-30T22:05:10Z] fetch docs-jito-low-latency-txn-send (html)
[2026-09-30T22:05:11Z] fetch arxiv-2602.13480-melt-memecoin-launch-trace-solana (arxiv)
[2026-09-30T22:05:19Z] fetch arxiv-2609.18975-sniper-cohorts-solana-memecoins (arxiv)
[2026-09-30T22:05:28Z] fetch arxiv-2507.01963-midsummer-memes-dream-meme-coin-manipulation (arxiv)
[2026-09-30T22:05:37Z] fetch arxiv-2601.22185-memechain-cross-chain-meme-coin-dataset (arxiv)
[2026-09-30T22:05:47Z] fetch arxiv-2512.00377-measuring-memecoin-fragility (arxiv)
[2026-09-30T22:05:57Z] fetch arxiv-2603.24625-rug-pull-scams-solana (arxiv)
[2026-09-30T22:06:06Z] fetch arxiv-2502.10512-naviglio-tarantelli-lillo-price-manipulation-new-tokens (arxiv)
[2026-09-30T22:06:16Z] fetch arxiv-2503.04850-slow-liquidity-drain-scams (arxiv)
[2026-09-30T22:06:26Z] fetch arxiv-2309.04700-trapdoor-tokens-uniswap (arxiv)
[2026-09-30T22:06:35Z] fetch arxiv-2305.14604-milionis-moallemi-roughgarden-arbitrage-profits-fees (arxiv)
[2026-09-30T22:06:44Z] fetch 0x-uniswap-v4-hooks-were-a-mistake (html)
[2026-09-30T22:06:45Z] fetch uniswap-foundation-how-to-navigate-v4-data (html)
[2026-09-30T22:06:46Z] fetch docs-uniswap-v4-poolmanager (html)
[2026-09-30T22:06:46Z]   HTTP 429 https://developers.uniswap.org/docs/protocols/v4/concepts/poolmanager; retry in 507s
[2026-09-30T22:15:14Z] fetch docs-uniswap-v4-hooks (html)
[2026-09-30T22:15:16Z] fetch docs-uniswap-v4-dynamic-fees (html)
[2026-09-30T22:15:17Z]   HTTP 429 https://developers.uniswap.org/docs/protocols/v4/concepts/dynamic-fees; retry in 3600s
